Archive member included to satisfy reference by file (symbol)

c:/st/stm32cubeide_1.7.0/stm32cubeide/plugins/com.st.stm32cube.ide.mcu.externaltools.gnu-tools-for-stm32.10.3-2021.10.win32_1.0.0.202111181127/tools/bin/../lib/gcc/arm-none-eabi/10.3.1/../../../../arm-none-eabi/lib/thumb/v7-m/nofp\libc_nano.a(lib_a-errno.o)
                              ./Core/Src/syscalls.o (__errno)
c:/st/stm32cubeide_1.7.0/stm32cubeide/plugins/com.st.stm32cube.ide.mcu.externaltools.gnu-tools-for-stm32.10.3-2021.10.win32_1.0.0.202111181127/tools/bin/../lib/gcc/arm-none-eabi/10.3.1/../../../../arm-none-eabi/lib/thumb/v7-m/nofp\libc_nano.a(lib_a-exit.o)
                              c:/st/stm32cubeide_1.7.0/stm32cubeide/plugins/com.st.stm32cube.ide.mcu.externaltools.gnu-tools-for-stm32.10.3-2021.10.win32_1.0.0.202111181127/tools/bin/../lib/gcc/arm-none-eabi/10.3.1/../../../../arm-none-eabi/lib/thumb/v7-m/nofp/crt0.o (exit)
c:/st/stm32cubeide_1.7.0/stm32cubeide/plugins/com.st.stm32cube.ide.mcu.externaltools.gnu-tools-for-stm32.10.3-2021.10.win32_1.0.0.202111181127/tools/bin/../lib/gcc/arm-none-eabi/10.3.1/../../../../arm-none-eabi/lib/thumb/v7-m/nofp\libc_nano.a(lib_a-impure.o)
                              c:/st/stm32cubeide_1.7.0/stm32cubeide/plugins/com.st.stm32cube.ide.mcu.externaltools.gnu-tools-for-stm32.10.3-2021.10.win32_1.0.0.202111181127/tools/bin/../lib/gcc/arm-none-eabi/10.3.1/../../../../arm-none-eabi/lib/thumb/v7-m/nofp\libc_nano.a(lib_a-exit.o) (_global_impure_ptr)
c:/st/stm32cubeide_1.7.0/stm32cubeide/plugins/com.st.stm32cube.ide.mcu.externaltools.gnu-tools-for-stm32.10.3-2021.10.win32_1.0.0.202111181127/tools/bin/../lib/gcc/arm-none-eabi/10.3.1/../../../../arm-none-eabi/lib/thumb/v7-m/nofp\libc_nano.a(lib_a-init.o)
                              c:/st/stm32cubeide_1.7.0/stm32cubeide/plugins/com.st.stm32cube.ide.mcu.externaltools.gnu-tools-for-stm32.10.3-2021.10.win32_1.0.0.202111181127/tools/bin/../lib/gcc/arm-none-eabi/10.3.1/../../../../arm-none-eabi/lib/thumb/v7-m/nofp/crt0.o (__libc_init_array)
c:/st/stm32cubeide_1.7.0/stm32cubeide/plugins/com.st.stm32cube.ide.mcu.externaltools.gnu-tools-for-stm32.10.3-2021.10.win32_1.0.0.202111181127/tools/bin/../lib/gcc/arm-none-eabi/10.3.1/../../../../arm-none-eabi/lib/thumb/v7-m/nofp\libc_nano.a(lib_a-memset.o)
                              c:/st/stm32cubeide_1.7.0/stm32cubeide/plugins/com.st.stm32cube.ide.mcu.externaltools.gnu-tools-for-stm32.10.3-2021.10.win32_1.0.0.202111181127/tools/bin/../lib/gcc/arm-none-eabi/10.3.1/../../../../arm-none-eabi/lib/thumb/v7-m/nofp/crt0.o (memset)
c:/st/stm32cubeide_1.7.0/stm32cubeide/plugins/com.st.stm32cube.ide.mcu.externaltools.gnu-tools-for-stm32.10.3-2021.10.win32_1.0.0.202111181127/tools/bin/../lib/gcc/arm-none-eabi/10.3.1/../../../../arm-none-eabi/lib/thumb/v7-m/nofp\libc_nano.a(lib_a-sprintf.o)
                              ./Core/Src/trafficPeds.o (sprintf)
c:/st/stm32cubeide_1.7.0/stm32cubeide/plugins/com.st.stm32cube.ide.mcu.externaltools.gnu-tools-for-stm32.10.3-2021.10.win32_1.0.0.202111181127/tools/bin/../lib/gcc/arm-none-eabi/10.3.1/../../../../arm-none-eabi/lib/thumb/v7-m/nofp\libc_nano.a(lib_a-nano-svfprintf.o)
                              c:/st/stm32cubeide_1.7.0/stm32cubeide/plugins/com.st.stm32cube.ide.mcu.externaltools.gnu-tools-for-stm32.10.3-2021.10.win32_1.0.0.202111181127/tools/bin/../lib/gcc/arm-none-eabi/10.3.1/../../../../arm-none-eabi/lib/thumb/v7-m/nofp\libc_nano.a(lib_a-sprintf.o) (_svfprintf_r)
c:/st/stm32cubeide_1.7.0/stm32cubeide/plugins/com.st.stm32cube.ide.mcu.externaltools.gnu-tools-for-stm32.10.3-2021.10.win32_1.0.0.202111181127/tools/bin/../lib/gcc/arm-none-eabi/10.3.1/../../../../arm-none-eabi/lib/thumb/v7-m/nofp\libc_nano.a(lib_a-nano-vfprintf_i.o)
                              c:/st/stm32cubeide_1.7.0/stm32cubeide/plugins/com.st.stm32cube.ide.mcu.externaltools.gnu-tools-for-stm32.10.3-2021.10.win32_1.0.0.202111181127/tools/bin/../lib/gcc/arm-none-eabi/10.3.1/../../../../arm-none-eabi/lib/thumb/v7-m/nofp\libc_nano.a(lib_a-nano-svfprintf.o) (_printf_i)
c:/st/stm32cubeide_1.7.0/stm32cubeide/plugins/com.st.stm32cube.ide.mcu.externaltools.gnu-tools-for-stm32.10.3-2021.10.win32_1.0.0.202111181127/tools/bin/../lib/gcc/arm-none-eabi/10.3.1/../../../../arm-none-eabi/lib/thumb/v7-m/nofp\libc_nano.a(lib_a-memchr-stub.o)
                              c:/st/stm32cubeide_1.7.0/stm32cubeide/plugins/com.st.stm32cube.ide.mcu.externaltools.gnu-tools-for-stm32.10.3-2021.10.win32_1.0.0.202111181127/tools/bin/../lib/gcc/arm-none-eabi/10.3.1/../../../../arm-none-eabi/lib/thumb/v7-m/nofp\libc_nano.a(lib_a-nano-svfprintf.o) (memchr)
c:/st/stm32cubeide_1.7.0/stm32cubeide/plugins/com.st.stm32cube.ide.mcu.externaltools.gnu-tools-for-stm32.10.3-2021.10.win32_1.0.0.202111181127/tools/bin/../lib/gcc/arm-none-eabi/10.3.1/../../../../arm-none-eabi/lib/thumb/v7-m/nofp\libc_nano.a(lib_a-memcpy-stub.o)
[...]
Memory Configuration

Name             Origin             Length             Attributes
RAM              0x0000000020000000 0x0000000000005000 xrw
FLASH            0x0000000008000000 0x0000000000020000 xr
*default*        0x0000000000000000 0xffffffffffffffff

Linker script and memory map

LOAD c:/st/stm32cubeide_1.7.0/stm32cubeide/plugins/com.st.stm32cube.ide.mcu.externaltools.gnu-tools-for-stm32.10.3-2021.10.win32_1.0.0.202111181127/tools/bin/../lib/gcc/arm-none-eabi/10.3.1/thumb/v7-m/nofp/crti.o
LOAD c:/st/stm32cubeide_1.7.0/stm32cubeide/plugins/com.st.stm32cube.ide.mcu.externaltools.gnu-tools-for-stm32.10.3-2021.10.win32_1.0.0.202111181127/tools/bin/../lib/gcc/arm-none-eabi/10.3.1/thumb/v7-m/nofp/crtbegin.o
LOAD c:/st/stm32cubeide_1.7.0/stm32cubeide/plugins/com.st.stm32cube.ide.mcu.externaltools.gnu-tools-for-stm32.10.3-2021.10.win32_1.0.0.202111181127/tools/bin/../lib/gcc/arm-none-eabi/10.3.1/../../../../arm-none-eabi/lib/thumb/v7-m/nofp/crt0.o
LOAD ./Core/Src/automatic_fsm.o
LOAD ./Core/Src/button.o
LOAD ./Core/Src/configTraffic.o
LOAD ./Core/Src/global.o
LOAD ./Core/Src/main.o
LOAD ./Core/Src/manual_fsm.o
LOAD ./Core/Src/pedestrian_fsm.o
LOAD ./Core/Src/stm32f1xx_hal_msp.o
LOAD ./Core/Src/stm32f1xx_it.o
LOAD ./Core/Src/syscalls.o
LOAD ./Core/Src/sysmem.o
LOAD ./Core/Src/system_stm32f1xx.o
LOAD ./Core/Src/timer.o
LOAD ./Core/Src/traffic1.o
LOAD ./Core/Src/traffic2.o
LOAD ./Core/Src/trafficPeds.o
LOAD ./Core/Src/tuning_fsm.o
LOAD ./Core/Src/utils.o
LOAD ./Core/Startup/startup_stm32f103rbtx.o
LOAD ./Drivers/STM32F1xx_HAL_Driver/Src/stm32f1xx_hal.o
LOAD ./Drivers/STM32F1xx_HAL_Driver/Src/stm32f1xx_hal_cortex.o
LOAD ./Drivers/STM32F1xx_HAL_Driver/Src/stm32f1xx_hal_dma.o
LOAD ./Drivers/STM32F1xx_HAL_Driver/Src/stm32f1xx_hal_exti.o
LOAD ./Drivers/STM32F1xx_HAL_Driver/Src/stm32f1xx_hal_flash.o
LOAD ./Drivers/STM32F1xx_HAL_Driver/Src/stm32f1xx_hal_flash_ex.o
LOAD ./Drivers/STM32F1xx_HAL_Driver/Src/stm32f1xx_hal_gpio.o
LOAD ./Drivers/STM32F1xx_HAL_Driver/Src/stm32f1xx_hal_gpio_ex.o
LOAD ./Drivers/STM32F1xx_HAL_Driver/Src/stm32f1xx_hal_pwr.o
LOAD ./Drivers/STM32F1xx_HAL_Driver/Src/stm32f1xx_hal_rcc.o
LOAD ./Drivers/STM32F1xx_HAL_Driver/Src/stm32f1xx_hal_rcc_ex.o
LOAD ./Drivers/STM32F1xx_HAL_Driver/Src/stm32f1xx_hal_tim.o
LOAD ./Drivers/STM32F1xx_HAL_Driver/Src/stm32f1xx_hal_tim_ex.o
LOAD ./Drivers/STM32F1xx_HAL_Driver/Src/stm32f1xx_hal_uart.o
START GROUP
LOAD c:/st/stm32cubeide_1.7.0/stm32cubeide/plugins/com.st.stm32cube.ide.mcu.externaltools.gnu-tools-for-stm32.10.3-2021.10.win32_1.0.0.202111181127/tools/bin/../lib/gcc/arm-none-eabi/10.3.1/../../../../arm-none-eabi/lib/thumb/v7-m/nofp\libc_nano.a
LOAD c:/st/stm32cubeide_1.7.0/stm32cubeide/plugins/com.st.stm32cube.ide.mcu.externaltools.gnu-tools-for-stm32.10.3-2021.10.win32_1.0.0.202111181127/tools/bin/../lib/gcc/arm-none-eabi/10.3.1/../../../../arm-none-eabi/lib/thumb/v7-m/nofp\libm.a
END GROUP
START GROUP
LOAD c:/st/stm32cubeide_1.7.0/stm32cubeide/plugins/com.st.stm32cube.ide.mcu.externaltools.gnu-tools-for-stm32.10.3-2021.10.win32_1.0.0.202111181127/tools/bin/../lib/gcc/arm-none-eabi/10.3.1/thumb/v7-m/nofp\libgcc.a
LOAD c:/st/stm32cubeide_1.7.0/stm32cubeide/plugins/com.st.stm32cube.ide.mcu.externaltools.gnu-tools-for-stm32.10.3-2021.10.win32_1.0.0.202111181127/tools/bin/../lib/gcc/arm-none-eabi/10.3.1/../../../../arm-none-eabi/lib/thumb/v7-m/nofp\libc_nano.a
END GROUP
START GROUP
LOAD c:/st/stm32cubeide_1.7.0/stm32cubeide/plugins/com.st.stm32cube.ide.mcu.externaltools.gnu-tools-for-stm32.10.3-2021.10.win32_1.0.0.202111181127/tools/bin/../lib/gcc/arm-none-eabi/10.3.1/thumb/v7-m/nofp\libgcc.a
LOAD c:/st/stm32cubeide_1.7.0/stm32cubeide/plugins/com.st.stm32cube.ide.mcu.externaltools.gnu-tools-for-stm32.10.3-2021.10.win32_1.0.0.202111181127/tools/bin/../lib/gcc/arm-none-eabi/10.3.1/../../../../arm-none-eabi/lib/thumb/v7-m/nofp\libc_nano.a
LOAD c:/st/stm32cubeide_1.7.0/stm32cubeide/plugins/com.st.stm32cube.ide.mcu.externaltools.gnu-tools-for-stm32.10.3-2021.10.win32_1.0.0.202111181127/tools/bin/../lib/gcc/arm-none-eabi/10.3.1/../../../../arm-none-eabi/lib/thumb/v7-m/nofp\libnosys.a
END GROUP
START GROUP
LOAD c:/st/stm32cubeide_1.7.0/stm32cubeide/plugins/com.st.stm32cube.ide.mcu.externaltools.gnu-tools-for-stm32.10.3-2021.10.win32_1.0.0.202111181127/tools/bin/../lib/gcc/arm-none-eabi/10.3.1/thumb/v7-m/nofp\libgcc.a
LOAD c:/st/stm32cubeide_1.7.0/stm32cubeide/plugins/com.st.stm32cube.ide.mcu.externaltools.gnu-tools-for-stm32.10.3-2021.10.win32_1.0.0.202111181127/tools/bin/../lib/gcc/arm-none-eabi/10.3.1/../../../../arm-none-eabi/lib/thumb/v7-m/nofp\libc_nano.a
LOAD c:/st/stm32cubeide_1.7.0/stm32cubeide/plugins/com.st.stm32cube.ide.mcu.externaltools.gnu-tools-for-stm32.10.3-2021.10.win32_1.0.0.202111181127/tools/bin/../lib/gcc/arm-none-eabi/10.3.1/../../../../arm-none-eabi/lib/thumb/v7-m/nofp\libnosys.a
END GROUP
LOAD c:/st/stm32cubeide_1.7.0/stm32cubeide/plugins/com.st.stm32cube.ide.mcu.externaltools.gnu-tools-for-stm32.10.3-2021.10.win32_1.0.0.202111181127/tools/bin/../lib/gcc/arm-none-eabi/10.3.1/thumb/v7-m/nofp/crtend.o
LOAD c:/st/stm32cubeide_1.7.0/stm32cubeide/plugins/com.st.stm32cube.ide.mcu.externaltools.gnu-tools-for-stm32.10.3-2021.10.win32_1.0.0.202111181127/tools/bin/../lib/gcc/arm-none-eabi/10.3.1/thumb/v7-m/nofp/crtn.o
                0x0000000020005000                _estack = (ORIGIN (RAM) + LENGTH (RAM))
                0x0000000000000200                _Min_Heap_Size = 0x200
                0x0000000000000400                _Min_Stack_Size = 0x400

.isr_vector     0x0000000008000000      0x10c
                0x0000000008000000                . = ALIGN (0x4)
 *(.isr_vector)
 .isr_vector    0x0000000008000000      0x10c ./Core/Startup/startup_stm32f103rbtx.o
                0x0000000008000000                g_pfnVectors
                0x000000000800010c                . = ALIGN (0x4)

.text           0x000000000800010c     0x520c
                0x000000000800010c                . = ALIGN (0x4)
 *(.text)
 .text          0x000000000800010c       0x40 c:/st/stm32cubeide_1.7.0/stm32cubeide/plugins/com.st.stm32cube.ide.mcu.externaltools.gnu-tools-for-stm32.10.3-2021.10.win32_1.0.0.202111181127/tools/bin/../lib/gcc/arm-none-eabi/10.3.1/thumb/v7-m/nofp/crtbegin.o
 .text          0x000000000800014c      0x378 c:/st/stm32cubeide_1.7.0/stm32cubeide/plugins/com.st.stm32cube.ide.mcu.externaltools.gnu-tools-for-stm32.10.3-2021.10.win32_1.0.0.202111181127/tools/bin/../lib/gcc/arm-none-eabi/10.3.1/thumb/v7-m/nofp\libgcc.a(_arm_addsubdf3.o)
                0x000000000800014c                __aeabi_drsub
                0x0000000008000154                __aeabi_dsub
                0x0000000008000154                __subdf3
                0x0000000008000158                __aeabi_dadd
                0x0000000008000158                __adddf3
                0x00000000080003d0                __floatunsidf
                0x00000000080003d0                __aeabi_ui2d
                0x00000000080003f0                __floatsidf
                0x00000000080003f0                __aeabi_i2d
                0x0000000008000414                __aeabi_f2d
                0x0000000008000414                __extendsfdf2
                0x0000000008000458                __floatundidf
                0x0000000008000458                __aeabi_ul2d
                0x0000000008000468                __floatdidf
                0x0000000008000468                __aeabi_l2d
 .text          0x00000000080004c4      0x424 c:/st/stm32cubeide_1.7.0/stm32cubeide/plugins/com.st.stm32cube.ide.mcu.externaltools.gnu-tools-for-stm32.10.3-2021.10.win32_1.0.0.202111181127/tools/bin/../lib/gcc/arm-none-eabi/10.3.1/thumb/v7-m/nofp\libgcc.a(_arm_muldivdf3.o)
                0x00000000080004c4                __aeabi_dmul
                0x00000000080004c4                __muldf3
                0x0000000008000718                __divdf3
                0x0000000008000718                __aeabi_ddiv
 .text          0x00000000080008e8       0x50 c:/st/stm32cubeide_1.7.0/stm32cubeide/plugins/com.st.stm32cube.ide.mcu.externaltools.gnu-tools-for-stm32.10.3-2021.10.win32_1.0.0.202111181127/tools/bin/../lib/gcc/arm-none-eabi/10.3.1/thumb/v7-m/nofp\libgcc.a(_arm_fixdfsi.o)
                0x00000000080008e8                __aeabi_d2iz
                0x00000000080008e8                __fixdfsi
 *(.text*)
 .text.automatic_run
                0x0000000008000938      0x1e8 ./Core/Src/automatic_fsm.o
                0x0000000008000938                automatic_run
 .text.isButtonPressed
                0x0000000008000b20       0x34 ./Core/Src/button.o
                0x0000000008000b20                isButtonPressed
 .text.button_process
                0x0000000008000b54       0x2c ./Core/Src/button.o
                0x0000000008000b54                button_process
 .text.button_reading
                0x0000000008000b80      0x20c ./Core/Src/button.o
                0x0000000008000b80                button_reading
 .text.configRed1
                0x0000000008000d8c       0x44 ./Core/Src/configTraffic.o
                0x0000000008000d8c                configRed1
 .text.configGreen1
                0x0000000008000dd0       0x34 ./Core/Src/configTraffic.o
                0x0000000008000dd0                configGreen1
 .text.configYellow1
                0x0000000008000e04       0x34 ./Core/Src/configTraffic.o
                0x0000000008000e04                configYellow1
 .text.configRed2
                0x0000000008000e38       0x44 ./Core/Src/configTraffic.o
                0x0000000008000e38                configRed2
 .text.configGreen2
                0x0000000008000e7c       0x34 ./Core/Src/configTraffic.o
                0x0000000008000e7c                configGreen2
 .text.configYellow2
                0x0000000008000eb0       0x34 ./Core/Src/configTraffic.o
                0x0000000008000eb0                configYellow2
 .text.main     0x0000000008000ee4       0x58 ./Core/Src/main.o
                0x0000000008000ee4                main
 .text.SystemClock_Config
                0x0000000008000f3c       0x82 ./Core/Src/main.o
                0x0000000008000f3c                SystemClock_Config
 *fill*         0x0000000008000fbe        0x2 
 .text.MX_TIM2_Init
                0x0000000008000fc0       0x98 ./Core/Src/main.o
 .text.MX_TIM3_Init
                0x0000000008001058       0xec ./Core/Src/main.o
 .text.MX_USART2_UART_Init
                0x0000000008001144       0x54 ./Core/Src/main.o
 .text.MX_GPIO_Init
                0x0000000008001198       0xdc ./Core/Src/main.o
 .text.HAL_TIM_PeriodElapsedCallback
                0x0000000008001274       0x18 ./Core/Src/main.o
                0x0000000008001274                HAL_TIM_PeriodElapsedCallback
 .text.Error_Handler
                0x000000000800128c        0xa ./Core/Src/main.o
                0x000000000800128c                Error_Handler
 *fill*         0x0000000008001296        0x2 
 .text.manual_run
                0x0000000008001298      0x19c ./Core/Src/manual_fsm.o
                0x0000000008001298                manual_run
 .text.pedestrian_run
                0x0000000008001434      0x180 ./Core/Src/pedestrian_fsm.o
                0x0000000008001434                pedestrian_run
 .text.HAL_MspInit
                0x00000000080015b4       0x64 ./Core/Src/stm32f1xx_hal_msp.o
                0x00000000080015b4                HAL_MspInit
 .text.HAL_TIM_Base_MspInit
                0x0000000008001618       0x70 ./Core/Src/stm32f1xx_hal_msp.o
                0x0000000008001618                HAL_TIM_Base_MspInit
 .text.HAL_TIM_MspPostInit
                0x0000000008001688       0x64 ./Core/Src/stm32f1xx_hal_msp.o
                0x0000000008001688                HAL_TIM_MspPostInit
 .text.HAL_UART_MspInit
                0x00000000080016ec       0xa4 ./Core/Src/stm32f1xx_hal_msp.o
                0x00000000080016ec                HAL_UART_MspInit
 .text.NMI_Handler
                0x0000000008001790        0x6 ./Core/Src/stm32f1xx_it.o
                0x0000000008001790                NMI_Handler
 .text.HardFault_Handler
                0x0000000008001796        0x6 ./Core/Src/stm32f1xx_it.o
                0x0000000008001796                HardFault_Handler
 .text.MemManage_Handler
                0x000000000800179c        0x6 ./Core/Src/stm32f1xx_it.o
                0x000000000800179c                MemManage_Handler
 .text.BusFault_Handler
                0x00000000080017a2        0x6 ./Core/Src/stm32f1xx_it.o
                0x00000000080017a2                BusFault_Handler
 .text.UsageFault_Handler
                0x00000000080017a8        0x6 ./Core/Src/stm32f1xx_it.o
                0x00000000080017a8                UsageFault_Handler
 .text.SVC_Handler
                0x00000000080017ae        0xc ./Core/Src/stm32f1xx_it.o
                0x00000000080017ae                SVC_Handler
 .text.DebugMon_Handler
                0x00000000080017ba        0xc ./Core/Src/stm32f1xx_it.o
                0x00000000080017ba                DebugMon_Handler
 .text.PendSV_Handler
                0x00000000080017c6        0xc ./Core/Src/stm32f1xx_it.o
                0x00000000080017c6                PendSV_Handler
 .text.SysTick_Handler
                0x00000000080017d2        0xc ./Core/Src/stm32f1xx_it.o
                0x00000000080017d2                SysTick_Handler
 *fill*         0x00000000080017de        0x2 
 .text.TIM2_IRQHandler
                0x00000000080017e0       0x14 ./Core/Src/stm32f1xx_it.o
                0x00000000080017e0                TIM2_IRQHandler
 .text.USART2_IRQHandler
                0x00000000080017f4       0x14 ./Core/Src/stm32f1xx_it.o
                0x00000000080017f4                USART2_IRQHandler
 .text._sbrk    0x0000000008001808       0x6c ./Core/Src/sysmem.o
                0x0000000008001808                _sbrk
 .text.SystemInit
                0x0000000008001874        0xc ./Core/Src/system_stm32f1xx.o
                0x0000000008001874                SystemInit
 .text.setTimer1
                0x0000000008001880       0x38 ./Core/Src/timer.o
                0x0000000008001880                setTimer1
 .text.timer_run
                0x00000000080018b8       0x5c ./Core/Src/timer.o
                0x00000000080018b8                timer_run
 .text.Red_1    0x0000000008001914       0x28 ./Core/Src/traffic1.o
                0x0000000008001914                Red_1
 .text.Green_1  0x000000000800193c       0x28 ./Core/Src/traffic1.o
                0x000000000800193c                Green_1
 .text.Yellow_1
                0x0000000008001964       0x28 ./Core/Src/traffic1.o
                0x0000000008001964                Yellow_1
 .text.turnOffTraffic1
                0x000000000800198c       0x28 ./Core/Src/traffic1.o
                0x000000000800198c                turnOffTraffic1
 .text.toggleRed1
                0x00000000080019b4       0x18 ./Core/Src/traffic1.o
                0x00000000080019b4                toggleRed1
 .text.toggleGreen1
                0x00000000080019cc       0x14 ./Core/Src/traffic1.o
                0x00000000080019cc                toggleGreen1
 .text.toggleYellow1
                0x00000000080019e0       0x24 ./Core/Src/traffic1.o
                0x00000000080019e0                toggleYellow1
 .text.Red_2    0x0000000008001a04       0x20 ./Core/Src/traffic2.o
                0x0000000008001a04                Red_2
 .text.Green_2  0x0000000008001a24       0x20 ./Core/Src/traffic2.o
                0x0000000008001a24                Green_2
 .text.Yellow_2
                0x0000000008001a44       0x20 ./Core/Src/traffic2.o
                0x0000000008001a44                Yellow_2
 .text.turnOffTraffic2
                0x0000000008001a64       0x20 ./Core/Src/traffic2.o
                0x0000000008001a64                turnOffTraffic2
 .text.toggleRed2
                0x0000000008001a84       0x14 ./Core/Src/traffic2.o
                0x0000000008001a84                toggleRed2
 .text.toggleGreen2
                0x0000000008001a98       0x14 ./Core/Src/traffic2.o
                0x0000000008001a98                toggleGreen2
 .text.toggleYellow2
                0x0000000008001aac       0x1c ./Core/Src/traffic2.o
                0x0000000008001aac                toggleYellow2
 .text.pedsRed  0x0000000008001ac8       0x28 ./Core/Src/trafficPeds.o
                0x0000000008001ac8                pedsRed
 .text.pedsGreen
                0x0000000008001af0       0x28 ./Core/Src/trafficPeds.o
                0x0000000008001af0                pedsGreen
 .text.turnOffPeds
                0x0000000008001b18       0x28 ./Core/Src/trafficPeds.o
                0x0000000008001b18                turnOffPeds
 .text.UART_display
                0x0000000008001b40       0x6c ./Core/Src/trafficPeds.o
                0x0000000008001b40                UART_display
 .text.tuning_run
                0x0000000008001bac      0x420 ./Core/Src/tuning_fsm.o
                0x0000000008001bac                tuning_run
 .text.autoClickButton1
                0x0000000008001fcc       0x4c ./Core/Src/utils.o
                0x0000000008001fcc                autoClickButton1
 .text.manualClickButton1
                0x0000000008002018       0x3c ./Core/Src/utils.o
                0x0000000008002018                manualClickButton1
 .text.tuningReturnToAuto
                0x0000000008002054       0x90 ./Core/Src/utils.o
                0x0000000008002054                tuningReturnToAuto
 .text.Reset_Handler
                0x00000000080020e4       0x48 ./Core/Startup/startup_stm32f103rbtx.o
                0x00000000080020e4                Reset_Handler
 .text.Default_Handler
                0x000000000800212c        0x2 ./Core/Startup/startup_stm32f103rbtx.o
                0x000000000800212c                RTC_Alarm_IRQHandler
                0x000000000800212c                EXTI2_IRQHandler
                0x000000000800212c                TIM1_CC_IRQHandler
                0x000000000800212c                PVD_IRQHandler
                0x000000000800212c                EXTI3_IRQHandler
                0x000000000800212c                EXTI0_IRQHandler
                0x000000000800212c                I2C2_EV_IRQHandler
                0x000000000800212c                ADC1_2_IRQHandler
                0x000000000800212c                SPI1_IRQHandler
                0x000000000800212c                TAMPER_IRQHandler
                0x000000000800212c                DMA1_Channel4_IRQHandler
                0x000000000800212c                USART3_IRQHandler
                0x000000000800212c                RTC_IRQHandler
                0x000000000800212c                DMA1_Channel7_IRQHandler
                0x000000000800212c                CAN1_RX1_IRQHandler
                0x000000000800212c                TIM4_IRQHandler
                0x000000000800212c                I2C1_EV_IRQHandler
                0x000000000800212c                DMA1_Channel6_IRQHandler
                0x000000000800212c                TIM3_IRQHandler
                0x000000000800212c                RCC_IRQHandler
                0x000000000800212c                TIM1_TRG_COM_IRQHandler
                0x000000000800212c                DMA1_Channel1_IRQHandler
                0x000000000800212c                Default_Handler
                0x000000000800212c                EXTI15_10_IRQHandler
                0x000000000800212c                EXTI9_5_IRQHandler
                0x000000000800212c                SPI2_IRQHandler
                0x000000000800212c                DMA1_Channel5_IRQHandler
                0x000000000800212c                EXTI4_IRQHandler
                0x000000000800212c                USB_LP_CAN1_RX0_IRQHandler
                0x000000000800212c                USB_HP_CAN1_TX_IRQHandler
                0x000000000800212c                DMA1_Channel3_IRQHandler
                0x000000000800212c                TIM1_UP_IRQHandler
                0x000000000800212c                WWDG_IRQHandler
                0x000000000800212c                TIM1_BRK_IRQHandler
                0x000000000800212c                EXTI1_IRQHandler
                0x000000000800212c                I2C2_ER_IRQHandler
                0x000000000800212c                DMA1_Channel2_IRQHandler
                0x000000000800212c                CAN1_SCE_IRQHandler
                0x000000000800212c                FLASH_IRQHandler
                0x000000000800212c                USART1_IRQHandler
                0x000000000800212c                I2C1_ER_IRQHandler
                0x000000000800212c                USBWakeUp_IRQHandler
 *fill*         0x000000000800212e        0x2 
 .text.HAL_Init
                0x0000000008002130       0x2c ./Drivers/STM32F1xx_HAL_Driver/Src/stm32f1xx_hal.o
                0x0000000008002130                HAL_Init
 .text.HAL_InitTick
                0x000000000800215c       0x60 ./Drivers/STM32F1xx_HAL_Driver/Src/stm32f1xx_hal.o
                0x000000000800215c                HAL_InitTick
 .text.HAL_IncTick
                0x00000000080021bc       0x24 ./Drivers/STM32F1xx_HAL_Driver/Src/stm32f1xx_hal.o
                0x00000000080021bc                HAL_IncTick
 .text.HAL_GetTick
                0x00000000080021e0       0x14 ./Drivers/STM32F1xx_HAL_Driver/Src/stm32f1xx_hal.o
                0x00000000080021e0                HAL_GetTick
 .text.__NVIC_SetPriorityGrouping
                0x00000000080021f4       0x48 ./Drivers/STM32F1xx_HAL_Driver/Src/stm32f1xx_hal_cortex.o
 .text.__NVIC_GetPriorityGrouping
                0x000000000800223c       0x1c ./Drivers/STM32F1xx_HAL_Driver/Src/stm32f1xx_hal_cortex.o
 .text.__NVIC_EnableIRQ
                0x0000000008002258       0x38 ./Drivers/STM32F1xx_HAL_Driver/Src/stm32f1xx_hal_cortex.o
 .text.__NVIC_SetPriority
                0x0000000008002290       0x54 ./Drivers/STM32F1xx_HAL_Driver/Src/stm32f1xx_hal_cortex.o
 .text.NVIC_EncodePriority
                0x00000000080022e4       0x64 ./Drivers/STM32F1xx_HAL_Driver/Src/stm32f1xx_hal_cortex.o
 .text.SysTick_Config
                0x0000000008002348       0x44 ./Drivers/STM32F1xx_HAL_Driver/Src/stm32f1xx_hal_cortex.o
 .text.HAL_NVIC_SetPriorityGrouping
                0x000000000800238c       0x16 ./Drivers/STM32F1xx_HAL_Driver/Src/stm32f1xx_hal_cortex.o
                0x000000000800238c                HAL_NVIC_SetPriorityGrouping
 .text.HAL_NVIC_SetPriority
                0x00000000080023a2       0x38 ./Drivers/STM32F1xx_HAL_Driver/Src/stm32f1xx_hal_cortex.o
                0x00000000080023a2                HAL_NVIC_SetPriority
 .text.HAL_NVIC_EnableIRQ
                0x00000000080023da       0x1c ./Drivers/STM32F1xx_HAL_Driver/Src/stm32f1xx_hal_cortex.o
                0x00000000080023da                HAL_NVIC_EnableIRQ
 .text.HAL_SYSTICK_Config
                0x00000000080023f6       0x18 ./Drivers/STM32F1xx_HAL_Driver/Src/stm32f1xx_hal_cortex.o
                0x00000000080023f6                HAL_SYSTICK_Config
 .text.HAL_DMA_Abort
                0x000000000800240e       0x74 ./Drivers/STM32F1xx_HAL_Driver/Src/stm32f1xx_hal_dma.o
                0x000000000800240e                HAL_DMA_Abort
 *fill*         0x0000000008002482        0x2 
 .text.HAL_DMA_Abort_IT
                0x0000000008002484       0xec ./Drivers/STM32F1xx_HAL_Driver/Src/stm32f1xx_hal_dma.o
                0x0000000008002484                HAL_DMA_Abort_IT
 .text.HAL_GPIO_Init
                0x0000000008002570      0x308 ./Drivers/STM32F1xx_HAL_Driver/Src/stm32f1xx_hal_gpio.o
                0x0000000008002570                HAL_GPIO_Init
 .text.HAL_GPIO_ReadPin
                0x0000000008002878       0x2e ./Drivers/STM32F1xx_HAL_Driver/Src/stm32f1xx_hal_gpio.o
                0x0000000008002878                HAL_GPIO_ReadPin
 .text.HAL_GPIO_WritePin
                0x00000000080028a6       0x30 ./Drivers/STM32F1xx_HAL_Driver/Src/stm32f1xx_hal_gpio.o
                0x00000000080028a6                HAL_GPIO_WritePin
 .text.HAL_GPIO_TogglePin
                0x00000000080028d6       0x32 ./Drivers/STM32F1xx_HAL_Driver/Src/stm32f1xx_hal_gpio.o
                0x00000000080028d6                HAL_GPIO_TogglePin
 .text.HAL_RCC_OscConfig
                0x0000000008002908      0x504 ./Drivers/STM32F1xx_HAL_Driver/Src/stm32f1xx_hal_rcc.o
                0x0000000008002908                HAL_RCC_OscConfig
 .text.HAL_RCC_ClockConfig
                0x0000000008002e0c      0x1d4 ./Drivers/STM32F1xx_HAL_Driver/Src/stm32f1xx_hal_rcc.o
                0x0000000008002e0c                HAL_RCC_ClockConfig
 .text.HAL_RCC_GetSysClockFreq
                0x0000000008002fe0       0xbc ./Drivers/STM32F1xx_HAL_Driver/Src/stm32f1xx_hal_rcc.o
                0x0000000008002fe0                HAL_RCC_GetSysClockFreq
 .text.HAL_RCC_GetHCLKFreq
                0x000000000800309c       0x14 ./Drivers/STM32F1xx_HAL_Driver/Src/stm32f1xx_hal_rcc.o
                0x000000000800309c                HAL_RCC_GetHCLKFreq
 .text.HAL_RCC_GetPCLK1Freq
                0x00000000080030b0       0x28 ./Drivers/STM32F1xx_HAL_Driver/Src/stm32f1xx_hal_rcc.o
                0x00000000080030b0                HAL_RCC_GetPCLK1Freq
 .text.HAL_RCC_GetPCLK2Freq
                0x00000000080030d8       0x28 ./Drivers/STM32F1xx_HAL_Driver/Src/stm32f1xx_hal_rcc.o
                0x00000000080030d8                HAL_RCC_GetPCLK2Freq
 .text.RCC_Delay
                0x0000000008003100       0x3c ./Drivers/STM32F1xx_HAL_Driver/Src/stm32f1xx_hal_rcc.o
 .text.HAL_TIM_Base_Init
                0x000000000800313c       0x9e ./Drivers/STM32F1xx_HAL_Driver/Src/stm32f1xx_hal_tim.o
                0x000000000800313c                HAL_TIM_Base_Init
 *fill*         0x00000000080031da        0x2 
 .text.HAL_TIM_Base_Start_IT
                0x00000000080031dc       0xa4 ./Drivers/STM32F1xx_HAL_Driver/Src/stm32f1xx_hal_tim.o
                0x00000000080031dc                HAL_TIM_Base_Start_IT
 .text.HAL_TIM_PWM_Init
                0x0000000008003280       0x9e ./Drivers/STM32F1xx_HAL_Driver/Src/stm32f1xx_hal_tim.o
                0x0000000008003280                HAL_TIM_PWM_Init
 .text.HAL_TIM_PWM_MspInit
                0x000000000800331e       0x12 ./Drivers/STM32F1xx_HAL_Driver/Src/stm32f1xx_hal_tim.o
                0x000000000800331e                HAL_TIM_PWM_MspInit
 .text.HAL_TIM_PWM_Start
                0x0000000008003330      0x144 ./Drivers/STM32F1xx_HAL_Driver/Src/stm32f1xx_hal_tim.o
                0x0000000008003330                HAL_TIM_PWM_Start
 .text.HAL_TIM_IRQHandler
                0x0000000008003474      0x210 ./Drivers/STM32F1xx_HAL_Driver/Src/stm32f1xx_hal_tim.o
                0x0000000008003474                HAL_TIM_IRQHandler
 .text.HAL_TIM_PWM_ConfigChannel
                0x0000000008003684      0x17c ./Drivers/STM32F1xx_HAL_Driver/Src/stm32f1xx_hal_tim.o
                0x0000000008003684                HAL_TIM_PWM_ConfigChannel
 .text.HAL_TIM_ConfigClockSource
                0x0000000008003800      0x188 ./Drivers/STM32F1xx_HAL_Driver/Src/stm32f1xx_hal_tim.o
                0x0000000008003800                HAL_TIM_ConfigClockSource
 .text.HAL_TIM_OC_DelayElapsedCallback
                0x0000000008003988       0x12 ./Drivers/STM32F1xx_HAL_Driver/Src/stm32f1xx_hal_tim.o
                0x0000000008003988                HAL_TIM_OC_DelayElapsedCallback
 .text.HAL_TIM_IC_CaptureCallback
                0x000000000800399a       0x12 ./Drivers/STM32F1xx_HAL_Driver/Src/stm32f1xx_hal_tim.o
                0x000000000800399a                HAL_TIM_IC_CaptureCallback
 .text.HAL_TIM_PWM_PulseFinishedCallback
                0x00000000080039ac       0x12 ./Drivers/STM32F1xx_HAL_Driver/Src/stm32f1xx_hal_tim.o
                0x00000000080039ac                HAL_TIM_PWM_PulseFinishedCallback
 .text.HAL_TIM_TriggerCallback
                0x00000000080039be       0x12 ./Drivers/STM32F1xx_HAL_Driver/Src/stm32f1xx_hal_tim.o
                0x00000000080039be                HAL_TIM_TriggerCallback
 .text.TIM_Base_SetConfig
                0x00000000080039d0       0xc4 ./Drivers/STM32F1xx_HAL_Driver/Src/stm32f1xx_hal_tim.o
                0x00000000080039d0                TIM_Base_SetConfig
 .text.TIM_OC1_SetConfig
                0x0000000008003a94       0xcc ./Drivers/STM32F1xx_HAL_Driver/Src/stm32f1xx_hal_tim.o
 .text.TIM_OC2_SetConfig
                0x0000000008003b60       0xd4 ./Drivers/STM32F1xx_HAL_Driver/Src/stm32f1xx_hal_tim.o
                0x0000000008003b60                TIM_OC2_SetConfig
 .text.TIM_OC3_SetConfig
                0x0000000008003c34       0xd4 ./Drivers/STM32F1xx_HAL_Driver/Src/stm32f1xx_hal_tim.o
 .text.TIM_OC4_SetConfig
                0x0000000008003d08       0x9c ./Drivers/STM32F1xx_HAL_Driver/Src/stm32f1xx_hal_tim.o
 .text.TIM_TI1_ConfigInputStage
                0x0000000008003da4       0x5c ./Drivers/STM32F1xx_HAL_Driver/Src/stm32f1xx_hal_tim.o
 .text.TIM_TI2_ConfigInputStage
                0x0000000008003e00       0x5e ./Drivers/STM32F1xx_HAL_Driver/Src/stm32f1xx_hal_tim.o
 .text.TIM_ITRx_SetConfig
                0x0000000008003e5e       0x34 ./Drivers/STM32F1xx_HAL_Driver/Src/stm32f1xx_hal_tim.o
 .text.TIM_ETR_SetConfig
                0x0000000008003e92       0x3e ./Drivers/STM32F1xx_HAL_Driver/Src/stm32f1xx_hal_tim.o
                0x0000000008003e92                TIM_ETR_SetConfig
 .text.TIM_CCxChannelCmd
                0x0000000008003ed0       0x48 ./Drivers/STM32F1xx_HAL_Driver/Src/stm32f1xx_hal_tim.o
                0x0000000008003ed0                TIM_CCxChannelCmd
 .text.HAL_TIMEx_MasterConfigSynchronization
                0x0000000008003f18       0xbc ./Drivers/STM32F1xx_HAL_Driver/Src/stm32f1xx_hal_tim_ex.o
                0x0000000008003f18                HAL_TIMEx_MasterConfigSynchronization
 .text.HAL_TIMEx_CommutCallback
                0x0000000008003fd4       0x12 ./Drivers/STM32F1xx_HAL_Driver/Src/stm32f1xx_hal_tim_ex.o
                0x0000000008003fd4                HAL_TIMEx_CommutCallback
 .text.HAL_TIMEx_BreakCallback
                0x0000000008003fe6       0x12 ./Drivers/STM32F1xx_HAL_Driver/Src/stm32f1xx_hal_tim_ex.o
                0x0000000008003fe6                HAL_TIMEx_BreakCallback
 .text.HAL_UART_Init
                0x0000000008003ff8       0x9a ./Drivers/STM32F1xx_HAL_Driver/Src/stm32f1xx_hal_uart.o
                0x0000000008003ff8                HAL_UART_Init
 .text.HAL_UART_Transmit
                0x0000000008004092      0x124 ./Drivers/STM32F1xx_HAL_Driver/Src/stm32f1xx_hal_uart.o
                0x0000000008004092                HAL_UART_Transmit
 *fill*         0x00000000080041b6        0x2 
 .text.HAL_UART_IRQHandler
                0x00000000080041b8      0x354 ./Drivers/STM32F1xx_HAL_Driver/Src/stm32f1xx_hal_uart.o
                0x00000000080041b8                HAL_UART_IRQHandler
 .text.HAL_UART_TxCpltCallback
                0x000000000800450c       0x12 ./Drivers/STM32F1xx_HAL_Driver/Src/stm32f1xx_hal_uart.o
                0x000000000800450c                HAL_UART_TxCpltCallback
 .text.HAL_UART_RxCpltCallback
                0x000000000800451e       0x12 ./Drivers/STM32F1xx_HAL_Driver/Src/stm32f1xx_hal_uart.o
                0x000000000800451e                HAL_UART_RxCpltCallback
 .text.HAL_UART_ErrorCallback
                0x0000000008004530       0x12 ./Drivers/STM32F1xx_HAL_Driver/Src/stm32f1xx_hal_uart.o
                0x0000000008004530                HAL_UART_ErrorCallback
 .text.HAL_UARTEx_RxEventCallback
                0x0000000008004542       0x16 ./Drivers/STM32F1xx_HAL_Driver/Src/stm32f1xx_hal_uart.o
                0x0000000008004542                HAL_UARTEx_RxEventCallback
 .text.UART_WaitOnFlagUntilTimeout
                0x0000000008004558       0x94 ./Drivers/STM32F1xx_HAL_Driver/Src/stm32f1xx_hal_uart.o
 .text.UART_EndRxTransfer
                0x00000000080045ec       0x58 ./Drivers/STM32F1xx_HAL_Driver/Src/stm32f1xx_hal_uart.o
 .text.UART_DMAAbortOnError
                0x0000000008004644       0x28 ./Drivers/STM32F1xx_HAL_Driver/Src/stm32f1xx_hal_uart.o
 .text.UART_Transmit_IT
                0x000000000800466c       0x9e ./Drivers/STM32F1xx_HAL_Driver/Src/stm32f1xx_hal_uart.o
 .text.UART_EndTransmit_IT
                0x000000000800470a       0x30 ./Drivers/STM32F1xx_HAL_Driver/Src/stm32f1xx_hal_uart.o
 .text.UART_Receive_IT
                0x000000000800473a      0x152 ./Drivers/STM32F1xx_HAL_Driver/Src/stm32f1xx_hal_uart.o
 .text.UART_SetConfig
                0x000000000800488c      0x11c ./Drivers/STM32F1xx_HAL_Driver/Src/stm32f1xx_hal_uart.o
 .text.__errno  0x00000000080049a8        0xc c:/st/stm32cubeide_1.7.0/stm32cubeide/plugins/com.st.stm32cube.ide.mcu.externaltools.gnu-tools-for-stm32.10.3-2021.10.win32_1.0.0.202111181127/tools/bin/../lib/gcc/arm-none-eabi/10.3.1/../../../../arm-none-eabi/lib/thumb/v7-m/nofp\libc_nano.a(lib_a-errno.o)
                0x00000000080049a8                __errno
 .text.__libc_init_array
                0x00000000080049b4       0x48 c:/st/stm32cubeide_1.7.0/stm32cubeide/plugins/com.st.stm32cube.ide.mcu.externaltools.gnu-tools-for-stm32.10.3-2021.10.win32_1.0.0.202111181127/tools/bin/../lib/gcc/arm-none-eabi/10.3.1/../../../../arm-none-eabi/lib/thumb/v7-m/nofp\libc_nano.a(lib_a-init.o)
                0x00000000080049b4                __libc_init_array
 .text.memset   0x00000000080049fc       0x10 c:/st/stm32cubeide_1.7.0/stm32cubeide/plugins/com.st.stm32cube.ide.mcu.externaltools.gnu-tools-for-stm32.10.3-2021.10.win32_1.0.0.202111181127/tools/bin/../lib/gcc/arm-none-eabi/10.3.1/../../../../arm-none-eabi/lib/thumb/v7-m/nofp\libc_nano.a(lib_a-memset.o)
                0x00000000080049fc                memset
 .text.sprintf  0x0000000008004a0c       0x40 c:/st/stm32cubeide_1.7.0/stm32cubeide/plugins/com.st.stm32cube.ide.mcu.externaltools.gnu-tools-for-stm32.10.3-2021.10.win32_1.0.0.202111181127/tools/bin/../lib/gcc/arm-none-eabi/10.3.1/../../../../arm-none-eabi/lib/thumb/v7-m/nofp\libc_nano.a(lib_a-sprintf.o)
                0x0000000008004a0c                siprintf
                0x0000000008004a0c                sprintf
 .text.__ssputs_r
                0x0000000008004a4c       0xb6 c:/st/stm32cubeide_1.7.0/stm32cubeide/plugins/com.st.stm32cube.ide.mcu.externaltools.gnu-tools-for-stm32.10.3-2021.10.win32_1.0.0.202111181127/tools/bin/../lib/gcc/arm-none-eabi/10.3.1/../../../../arm-none-eabi/lib/thumb/v7-m/nofp\libc_nano.a(lib_a-nano-svfprintf.o)
                0x0000000008004a4c                __ssputs_r
 *fill*         0x0000000008004b02        0x2 
 .text._svfprintf_r
                0x0000000008004b04      0x200 c:/st/stm32cubeide_1.7.0/stm32cubeide/plugins/com.st.stm32cube.ide.mcu.externaltools.gnu-tools-for-stm32.10.3-2021.10.win32_1.0.0.202111181127/tools/bin/../lib/gcc/arm-none-eabi/10.3.1/../../../../arm-none-eabi/lib/thumb/v7-m/nofp\libc_nano.a(lib_a-nano-svfprintf.o)
                0x0000000008004b04                _svfiprintf_r
                0x0000000008004b04                _svfprintf_r
 .text._printf_common
                0x0000000008004d04       0xde c:/st/stm32cubeide_1.7.0/stm32cubeide/plugins/com.st.stm32cube.ide.mcu.externaltools.gnu-tools-for-stm32.10.3-2021.10.win32_1.0.0.202111181127/tools/bin/../lib/gcc/arm-none-eabi/10.3.1/../../../../arm-none-eabi/lib/thumb/v7-m/nofp\libc_nano.a(lib_a-nano-vfprintf_i.o)
                0x0000000008004d04                _printf_common
 *fill*         0x0000000008004de2        0x2 
 .text._printf_i
                0x0000000008004de4      0x24c c:/st/stm32cubeide_1.7.0/stm32cubeide/plugins/com.st.stm32cube.ide.mcu.externaltools.gnu-tools-for-stm32.10.3-2021.10.win32_1.0.0.202111181127/tools/bin/../lib/gcc/arm-none-eabi/10.3.1/../../../../arm-none-eabi/lib/thumb/v7-m/nofp\libc_nano.a(lib_a-nano-vfprintf_i.o)
                0x0000000008004de4                _printf_i
 .text.memchr   0x0000000008005030       0x1c c:/st/stm32cubeide_1.7.0/stm32cubeide/plugins/com.st.stm32cube.ide.mcu.externaltools.gnu-tools-for-stm32.10.3-2021.10.win32_1.0.0.202111181127/tools/bin/../lib/gcc/arm-none-eabi/10.3.1/../../../../arm-none-eabi/lib/thumb/v7-m/nofp\libc_nano.a(lib_a-memchr-stub.o)
                0x0000000008005030                memchr
 .text.memcpy   0x000000000800504c       0x1c c:/st/stm32cubeide_1.7.0/stm32cubeide/plugins/com.st.stm32cube.ide.mcu.externaltools.gnu-tools-for-stm32.10.3-2021.10.win32_1.0.0.202111181127/tools/bin/../lib/gcc/arm-none-eabi/10.3.1/../../../../arm-none-eabi/lib/thumb/v7-m/nofp\libc_nano.a(lib_a-memcpy-stub.o)
                0x000000000800504c                memcpy
 .text.memmove  0x0000000008005068       0x34 c:/st/stm32cubeide_1.7.0/stm32cubeide/plugins/com.st.stm32cube.ide.mcu.externaltools.gnu-tools-for-stm32.10.3-2021.10.win32_1.0.0.202111181127/tools/bin/../lib/gcc/arm-none-eabi/10.3.1/../../../../arm-none-eabi/lib/thumb/v7-m/nofp\libc_nano.a(lib_a-memmove.o)
                0x0000000008005068                memmove
 .text._free_r  0x000000000800509c       0x90 c:/st/stm32cubeide_1.7.0/stm32cubeide/plugins/com.st.stm32cube.ide.mcu.externaltools.gnu-tools-for-stm32.10.3-2021.10.win32_1.0.0.202111181127/tools/bin/../lib/gcc/arm-none-eabi/10.3.1/../../../../arm-none-eabi/lib/thumb/v7-m/nofp\libc_nano.a(lib_a-nano-freer.o)
                0x000000000800509c                _free_r
 .text.sbrk_aligned
                0x000000000800512c       0x40 c:/st/stm32cubeide_1.7.0/stm32cubeide/plugins/com.st.stm32cube.ide.mcu.externaltools.gnu-tools-for-stm32.10.3-2021.10.win32_1.0.0.202111181127/tools/bin/../lib/gcc/arm-none-eabi/10.3.1/../../../../arm-none-eabi/lib/thumb/v7-m/nofp\libc_nano.a(lib_a-nano-mallocr.o)
 .text._malloc_r
                0x000000000800516c       0xe8 c:/st/stm32cubeide_1.7.0/stm32cubeide/plugins/com.st.stm32cube.ide.mcu.externaltools.gnu-tools-for-stm32.10.3-2021.10.win32_1.0.0.202111181127/tools/bin/../lib/gcc/arm-none-eabi/10.3.1/../../../../arm-none-eabi/lib/thumb/v7-m/nofp\libc_nano.a(lib_a-nano-mallocr.o)
                0x000000000800516c                _malloc_r
 .text._realloc_r
                0x0000000008005254       0x5e c:/st/stm32cubeide_1.7.0/stm32cubeide/plugins/com.st.stm32cube.ide.mcu.externaltools.gnu-tools-for-stm32.10.3-2021.10.win32_1.0.0.202111181127/tools/bin/../lib/gcc/arm-none-eabi/10.3.1/../../../../arm-none-eabi/lib/thumb/v7-m/nofp\libc_nano.a(lib_a-nano-reallocr.o)
                0x0000000008005254                _realloc_r
 *fill*         0x00000000080052b2        0x2 
 .text._sbrk_r  0x00000000080052b4       0x20 c:/st/stm32cubeide_1.7.0/stm32cubeide/plugins/com.st.stm32cube.ide.mcu.externaltools.gnu-tools-for-stm32.10.3-2021.10.win32_1.0.0.202111181127/tools/bin/../lib/gcc/arm-none-eabi/10.3.1/../../../../arm-none-eabi/lib/thumb/v7-m/nofp\libc_nano.a(lib_a-sbrkr.o)
                0x00000000080052b4                _sbrk_r
 .text.__malloc_lock
                0x00000000080052d4        0xc c:/st/stm32cubeide_1.7.0/stm32cubeide/plugins/com.st.stm32cube.ide.mcu.externaltools.gnu-tools-for-stm32.10.3-2021.10.win32_1.0.0.202111181127/tools/bin/../lib/gcc/arm-none-eabi/10.3.1/../../../../arm-none-eabi/lib/thumb/v7-m/nofp\libc_nano.a(lib_a-mlock.o)
                0x00000000080052d4                __malloc_lock
 .text.__malloc_unlock
                0x00000000080052e0        0xc c:/st/stm32cubeide_1.7.0/stm32cubeide/plugins/com.st.stm32cube.ide.mcu.externaltools.gnu-tools-for-stm32.10.3-2021.10.win32_1.0.0.202111181127/tools/bin/../lib/gcc/arm-none-eabi/10.3.1/../../../../arm-none-eabi/lib/thumb/v7-m/nofp\libc_nano.a(lib_a-mlock.o)
                0x00000000080052e0                __malloc_unlock
 .text._malloc_usable_size_r
                0x00000000080052ec       0x10 c:/st/stm32cubeide_1.7.0/stm32cubeide/plugins/com.st.stm32cube.ide.mcu.externaltools.gnu-tools-for-stm32.10.3-2021.10.win32_1.0.0.202111181127/tools/bin/../lib/gcc/arm-none-eabi/10.3.1/../../../../arm-none-eabi/lib/thumb/v7-m/nofp\libc_nano.a(lib_a-nano-msizer.o)
                0x00000000080052ec                _malloc_usable_size_r
 .text.__retarget_lock_acquire_recursive
                0x00000000080052fc        0x2 c:/st/stm32cubeide_1.7.0/stm32cubeide/plugins/com.st.stm32cube.ide.mcu.externaltools.gnu-tools-for-stm32.10.3-2021.10.win32_1.0.0.202111181127/tools/bin/../lib/gcc/arm-none-eabi/10.3.1/../../../../arm-none-eabi/lib/thumb/v7-m/nofp\libc_nano.a(lib_a-lock.o)
                0x00000000080052fc                __retarget_lock_acquire_recursive
 .text.__retarget_lock_release_recursive
                0x00000000080052fe        0x2 c:/st/stm32cubeide_1.7.0/stm32cubeide/plugins/com.st.stm32cube.ide.mcu.externaltools.gnu-tools-for-stm32.10.3-2021.10.win32_1.0.0.202111181127/tools/bin/../lib/gcc/arm-none-eabi/10.3.1/../../../../arm-none-eabi/lib/thumb/v7-m/nofp\libc_nano.a(lib_a-lock.o)
                0x00000000080052fe                __retarget_lock_release_recursive
 *(.glue_7)
 .glue_7        0x0000000008005300        0x0 linker stubs
 *(.glue_7t)
 .glue_7t       0x0000000008005300        0x0 linker stubs
 *(.eh_frame)
 .eh_frame      0x0000000008005300        0x0 c:/st/stm32cubeide_1.7.0/stm32cubeide/plugins/com.st.stm32cube.ide.mcu.externaltools.gnu-tools-for-stm32.10.3-2021.10.win32_1.0.0.202111181127/tools/bin/../lib/gcc/arm-none-eabi/10.3.1/thumb/v7-m/nofp/crtbegin.o
 *(.init)
 .init          0x0000000008005300        0x4 c:/st/stm32cubeide_1.7.0/stm32cubeide/plugins/com.st.stm32cube.ide.mcu.externaltools.gnu-tools-for-stm32.10.3-2021.10.win32_1.0.0.202111181127/tools/bin/../lib/gcc/arm-none-eabi/10.3.1/thumb/v7-m/nofp/crti.o
                0x0000000008005300                _init
 .init          0x0000000008005304        0x8 c:/st/stm32cubeide_1.7.0/stm32cubeide/plugins/com.st.stm32cube.ide.mcu.externaltools.gnu-tools-for-stm32.10.3-2021.10.win32_1.0.0.202111181127/tools/bin/../lib/gcc/arm-none-eabi/10.3.1/thumb/v7-m/nofp/crtn.o
 *(.fini)
 .fini          0x000000000800530c        0x4 c:/st/stm32cubeide_1.7.0/stm32cubeide/plugins/com.st.stm32cube.ide.mcu.externaltools.gnu-tools-for-stm32.10.3-2021.10.win32_1.0.0.202111181127/tools/bin/../lib/gcc/arm-none-eabi/10.3.1/thumb/v7-m/nofp/crti.o
                0x000000000800530c                _fini
 .fini          0x0000000008005310        0x8 c:/st/stm32cubeide_1.7.0/stm32cubeide/plugins/com.st.stm32cube.ide.mcu.externaltools.gnu-tools-for-stm32.10.3-2021.10.win32_1.0.0.202111181127/tools/bin/../lib/gcc/arm-none-eabi/10.3.1/thumb/v7-m/nofp/crtn.o
                0x0000000008005318                . = ALIGN (0x4)
                0x0000000008005318                _etext = .

.vfp11_veneer   0x0000000008005318        0x0
 .vfp11_veneer  0x0000000008005318        0x0 linker stubs

.v4_bx          0x0000000008005318        0x0
 .v4_bx         0x0000000008005318        0x0 linker stubs

.iplt           0x0000000008005318        0x0
 .iplt          0x0000000008005318        0x0 c:/st/stm32cubeide_1.7.0/stm32cubeide/plugins/com.st.stm32cube.ide.mcu.externaltools.gnu-tools-for-stm32.10.3-2021.10.win32_1.0.0.202111181127/tools/bin/../lib/gcc/arm-none-eabi/10.3.1/thumb/v7-m/nofp/crtbegin.o

.rodata         0x0000000008005318       0x6c
                0x0000000008005318                . = ALIGN (0x4)
 *(.rodata)
 .rodata        0x0000000008005318        0xe ./Core/Src/trafficPeds.o
 *fill*         0x0000000008005326        0x2 
 .rodata        0x0000000008005328       0x10 ./Drivers/STM32F1xx_HAL_Driver/Src/stm32f1xx_hal_rcc.o
 *(.rodata*)
 .rodata.AHBPrescTable
                0x0000000008005338       0x10 ./Core/Src/system_stm32f1xx.o
                0x0000000008005338                AHBPrescTable
 .rodata.APBPrescTable
                0x0000000008005348        0x8 ./Core/Src/system_stm32f1xx.o
                0x0000000008005348                APBPrescTable
 .rodata._svfprintf_r.str1.1
                0x0000000008005350       0x11 c:/st/stm32cubeide_1.7.0/stm32cubeide/plugins/com.st.stm32cube.ide.mcu.externaltools.gnu-tools-for-stm32.10.3-2021.10.win32_1.0.0.202111181127/tools/bin/../lib/gcc/arm-none-eabi/10.3.1/../../../../arm-none-eabi/lib/thumb/v7-m/nofp\libc_nano.a(lib_a-nano-svfprintf.o)
 .rodata._printf_i.str1.1
                0x0000000008005361       0x22 c:/st/stm32cubeide_1.7.0/stm32cubeide/plugins/com.st.stm32cube.ide.mcu.externaltools.gnu-tools-for-stm32.10.3-2021.10.win32_1.0.0.202111181127/tools/bin/../lib/gcc/arm-none-eabi/10.3.1/../../../../arm-none-eabi/lib/thumb/v7-m/nofp\libc_nano.a(lib_a-nano-vfprintf_i.o)
                0x0000000008005384                . = ALIGN (0x4)
 *fill*         0x0000000008005383        0x1 

.rel.dyn        0x0000000008005384        0x0
 .rel.iplt      0x0000000008005384        0x0 c:/st/stm32cubeide_1.7.0/stm32cubeide/plugins/com.st.stm32cube.ide.mcu.externaltools.gnu-tools-for-stm32.10.3-2021.10.win32_1.0.0.202111181127/tools/bin/../lib/gcc/arm-none-eabi/10.3.1/thumb/v7-m/nofp/crtbegin.o

.ARM.extab      0x0000000008005384        0x0
                0x0000000008005384                . = ALIGN (0x4)
 *(.ARM.extab* .gnu.linkonce.armextab.*)
                0x0000000008005384                . = ALIGN (0x4)

.ARM            0x0000000008005384        0x0
                0x0000000008005384                . = ALIGN (0x4)
                0x0000000008005384                __exidx_start = .
 *(.ARM.exidx*)
                0x0000000008005384                __exidx_end = .
                0x0000000008005384                . = ALIGN (0x4)

.preinit_array  0x0000000008005384        0x0
                0x0000000008005384                . = ALIGN (0x4)
                0x0000000008005384                PROVIDE (__preinit_array_start = .)
 *(.preinit_array*)
                0x0000000008005384                PROVIDE (__preinit_array_end = .)
                0x0000000008005384                . = ALIGN (0x4)

.init_array     0x0000000008005384        0x4
                0x0000000008005384                . = ALIGN (0x4)
                0x0000000008005384                PROVIDE (__init_array_start = .)
 *(SORT_BY_NAME(.init_array.*))
 *(.init_array*)
 .init_array    0x0000000008005384        0x4 c:/st/stm32cubeide_1.7.0/stm32cubeide/plugins/com.st.stm32cube.ide.mcu.externaltools.gnu-tools-for-stm32.10.3-2021.10.win32_1.0.0.202111181127/tools/bin/../lib/gcc/arm-none-eabi/10.3.1/thumb/v7-m/nofp/crtbegin.o
                0x0000000008005388                PROVIDE (__init_array_end = .)
                0x0000000008005388                . = ALIGN (0x4)

.fini_array     0x0000000008005388        0x4
                0x0000000008005388                . = ALIGN (0x4)
                [!provide]                        PROVIDE (__fini_array_start = .)
 *(SORT_BY_NAME(.fini_array.*))
 *(.fini_array*)
 .fini_array    0x0000000008005388        0x4 c:/st/stm32cubeide_1.7.0/stm32cubeide/plugins/com.st.stm32cube.ide.mcu.externaltools.gnu-tools-for-stm32.10.3-2021.10.win32_1.0.0.202111181127/tools/bin/../lib/gcc/arm-none-eabi/10.3.1/thumb/v7-m/nofp/crtbegin.o
                [!provide]                        PROVIDE (__fini_array_end = .)
                0x000000000800538c                . = ALIGN (0x4)
                0x000000000800538c                _sidata = LOADADDR (.data)

.data           0x0000000020000000       0x98 load address 0x000000000800538c
                0x0000000020000000                . = ALIGN (0x4)
                0x0000000020000000                _sdata = .
 *(.data)
 *(.data*)
 .data.buttonState
                0x0000000020000000       0x10 ./Core/Src/button.o
 .data.redDuration1
                0x0000000020000010        0x4 ./Core/Src/global.o
                0x0000000020000010                redDuration1
 .data.greenDuration1
                0x0000000020000014        0x4 ./Core/Src/global.o
                0x0000000020000014                greenDuration1
 .data.yellowDuration1
                0x0000000020000018        0x4 ./Core/Src/global.o
                0x0000000020000018                yellowDuration1
 .data.redDuration2
                0x000000002000001c        0x4 ./Core/Src/global.o
                0x000000002000001c                redDuration2
 .data.greenDuration2
                0x0000000020000020        0x4 ./Core/Src/global.o
                0x0000000020000020                greenDuration2
 .data.yellowDuration2
                0x0000000020000024        0x4 ./Core/Src/global.o
                0x0000000020000024                yellowDuration2
 .data.SystemCoreClock
                0x0000000020000028        0x4 ./Core/Src/system_stm32f1xx.o
                0x0000000020000028                SystemCoreClock
 .data.uwTickPrio
                0x000000002000002c        0x4 ./Drivers/STM32F1xx_HAL_Driver/Src/stm32f1xx_hal.o
                0x000000002000002c                uwTickPrio
 .data.uwTickFreq
                0x0000000020000030        0x1 ./Drivers/STM32F1xx_HAL_Driver/Src/stm32f1xx_hal.o
                0x0000000020000030                uwTickFreq
 *fill*         0x0000000020000031        0x3 
 .data._impure_ptr
                0x0000000020000034        0x4 c:/st/stm32cubeide_1.7.0/stm32cubeide/plugins/com.st.stm32cube.ide.mcu.externaltools.gnu-tools-for-stm32.10.3-2021.10.win32_1.0.0.202111181127/tools/bin/../lib/gcc/arm-none-eabi/10.3.1/../../../../arm-none-eabi/lib/thumb/v7-m/nofp\libc_nano.a(lib_a-impure.o)
                0x0000000020000034                _impure_ptr
 .data.impure_data
                0x0000000020000038       0x60 c:/st/stm32cubeide_1.7.0/stm32cubeide/plugins/com.st.stm32cube.ide.mcu.externaltools.gnu-tools-for-stm32.10.3-2021.10.win32_1.0.0.202111181127/tools/bin/../lib/gcc/arm-none-eabi/10.3.1/../../../../arm-none-eabi/lib/thumb/v7-m/nofp\libc_nano.a(lib_a-impure.o)
 *(.RamFunc)
 *(.RamFunc*)
                0x0000000020000098                . = ALIGN (0x4)
                0x0000000020000098                _edata = .

.igot.plt       0x0000000020000098        0x0 load address 0x0000000008005424
 .igot.plt      0x0000000020000098        0x0 c:/st/stm32cubeide_1.7.0/stm32cubeide/plugins/com.st.stm32cube.ide.mcu.externaltools.gnu-tools-for-stm32.10.3-2021.10.win32_1.0.0.202111181127/tools/bin/../lib/gcc/arm-none-eabi/10.3.1/thumb/v7-m/nofp/crtbegin.o
                0x0000000020000098                . = ALIGN (0x4)

.bss            0x0000000020000098      0x194 load address 0x0000000008005424
                0x0000000020000098                _sbss = .
                0x0000000020000098                __bss_start__ = _sbss
 *(.bss)
 .bss           0x0000000020000098       0x1c c:/st/stm32cubeide_1.7.0/stm32cubeide/plugins/com.st.stm32cube.ide.mcu.externaltools.gnu-tools-for-stm32.10.3-2021.10.win32_1.0.0.202111181127/tools/bin/../lib/gcc/arm-none-eabi/10.3.1/thumb/v7-m/nofp/crtbegin.o
 *(.bss*)
 .bss.button_buffer
                0x00000000200000b4       0x10 ./Core/Src/button.o
 .bss.debounceButtonBuffer1
                0x00000000200000c4       0x10 ./Core/Src/button.o
 .bss.debounceButtonBuffer2
                0x00000000200000d4       0x10 ./Core/Src/button.o
 .bss.debounceButtonBuffer3
                0x00000000200000e4       0x10 ./Core/Src/button.o
 .bss.counterForButtonPressed
                0x00000000200000f4       0x10 ./Core/Src/button.o
 .bss.button_flag
                0x0000000020000104       0x10 ./Core/Src/button.o
 .bss.status    0x0000000020000114        0x4 ./Core/Src/global.o
                0x0000000020000114                status
 .bss.pedsStatus
                0x0000000020000118        0x4 ./Core/Src/global.o
                0x0000000020000118                pedsStatus
 .bss.numberCounter
                0x000000002000011c        0x4 ./Core/Src/global.o
                0x000000002000011c                numberCounter
 .bss.str       0x0000000020000120        0x9 ./Core/Src/global.o
                0x0000000020000120                str
 *fill*         0x0000000020000129        0x3 
 .bss.magnitude
                0x000000002000012c        0x4 ./Core/Src/pedestrian_fsm.o
                0x000000002000012c                magnitude
 .bss.__sbrk_heap_end
                0x0000000020000130        0x4 ./Core/Src/sysmem.o
 .bss.timer1_flag
                0x0000000020000134        0x4 ./Core/Src/timer.o
                0x0000000020000134                timer1_flag
 .bss.timer2_flag
                0x0000000020000138        0x4 ./Core/Src/timer.o
                0x0000000020000138                timer2_flag
 .bss.timer1_counter
                0x000000002000013c        0x4 ./Core/Src/timer.o
                0x000000002000013c                timer1_counter
 .bss.timer2_counter
                0x0000000020000140        0x4 ./Core/Src/timer.o
                0x0000000020000140                timer2_counter
 .bss.__malloc_free_list
                0x0000000020000144        0x4 c:/st/stm32cubeide_1.7.0/stm32cubeide/plugins/com.st.stm32cube.ide.mcu.externaltools.gnu-tools-for-stm32.10.3-2021.10.win32_1.0.0.202111181127/tools/bin/../lib/gcc/arm-none-eabi/10.3.1/../../../../arm-none-eabi/lib/thumb/v7-m/nofp\libc_nano.a(lib_a-nano-mallocr.o)
                0x0000000020000144                __malloc_free_list
 .bss.__malloc_sbrk_start
                0x0000000020000148        0x4 c:/st/stm32cubeide_1.7.0/stm32cubeide/plugins/com.st.stm32cube.ide.mcu.externaltools.gnu-tools-for-stm32.10.3-2021.10.win32_1.0.0.202111181127/tools/bin/../lib/gcc/arm-none-eabi/10.3.1/../../../../arm-none-eabi/lib/thumb/v7-m/nofp\libc_nano.a(lib_a-nano-mallocr.o)
                0x0000000020000148                __malloc_sbrk_start
 .bss.errno     0x000000002000014c        0x4 c:/st/stm32cubeide_1.7.0/stm32cubeide/plugins/com.st.stm32cube.ide.mcu.externaltools.gnu-tools-for-stm32.10.3-2021.10.win32_1.0.0.202111181127/tools/bin/../lib/gcc/arm-none-eabi/10.3.1/../../../../arm-none-eabi/lib/thumb/v7-m/nofp\libc_nano.a(lib_a-reent.o)
                0x000000002000014c                errno
 .bss.__lock___malloc_recursive_mutex
                0x0000000020000150        0x1 c:/st/stm32cubeide_1.7.0/stm32cubeide/plugins/com.st.stm32cube.ide.mcu.externaltools.gnu-tools-for-stm32.10.3-2021.10.win32_1.0.0.202111181127/tools/bin/../lib/gcc/arm-none-eabi/10.3.1/../../../../arm-none-eabi/lib/thumb/v7-m/nofp\libc_nano.a(lib_a-lock.o)
                0x0000000020000150                __lock___malloc_recursive_mutex
 *(COMMON)
 *fill*         0x0000000020000151        0x3 
 COMMON         0x0000000020000154       0xd4 ./Core/Src/automatic_fsm.o
                0x0000000020000154                htim3
                0x000000002000019c                htim2
                0x00000000200001e4                huart2
 COMMON         0x0000000020000228        0x4 ./Drivers/STM32F1xx_HAL_Driver/Src/stm32f1xx_hal.o
                0x0000000020000228                uwTick
                0x000000002000022c                . = ALIGN (0x4)
                0x000000002000022c                _ebss = .
                0x000000002000022c                __bss_end__ = _ebss

._user_heap_stack
                0x000000002000022c      0x604 load address 0x0000000008005424
                0x0000000020000230                . = ALIGN (0x8)
 *fill*         0x000000002000022c        0x4 
                [!provide]                        PROVIDE (end = .)
                0x0000000020000230                PROVIDE (_end = .)
                0x0000000020000430                . = (. + _Min_Heap_Size)
 *fill*         0x0000000020000230      0x200 
                0x0000000020000830                . = (. + _Min_Stack_Size)
 *fill*         0x0000000020000430      0x400 
                0x0000000020000830                . = ALIGN (0x8)

/DISCARD/
 libc.a(*)
 libm.a(*)
 libgcc.a(*)

.ARM.attributes
                0x0000000000000000       0x29
 *(.ARM.attributes)
 .ARM.attributes
                0x0000000000000000       0x1d c:/st/stm32cubeide_1.7.0/stm32cubeide/plugins/com.st.stm32cube.ide.mcu.externaltools.gnu-tools-for-stm32.10.3-2021.10.win32_1.0.0.202111181127/tools/bin/../lib/gcc/arm-none-eabi/10.3.1/thumb/v7-m/nofp/crti.o
 .ARM.attributes
                0x000000000000001d       0x2d c:/st/stm32cubeide_1.7.0/stm32cubeide/plugins/com.st.stm32cube.ide.mcu.externaltools.gnu-tools-for-stm32.10.3-2021.10.win32_1.0.0.202111181127/tools/bin/../lib/gcc/arm-none-eabi/10.3.1/thumb/v7-m/nofp/crtbegin.o
 .ARM.attributes
                0x000000000000004a       0x2d ./Core/Src/automatic_fsm.o
 .ARM.attributes
                0x0000000000000077       0x2d ./Core/Src/button.o
 .ARM.attributes
                0x00000000000000a4       0x2d ./Core/Src/configTraffic.o
 .ARM.attributes
                0x00000000000000d1       0x2d ./Core/Src/global.o
 .ARM.attributes
                0x00000000000000fe       0x2d ./Core/Src/main.o
 .ARM.attributes
                0x000000000000012b       0x2d ./Core/Src/manual_fsm.o
 .ARM.attributes
                0x0000000000000158       0x2d ./Core/Src/pedestrian_fsm.o
 .ARM.attributes
                0x0000000000000185       0x2d ./Core/Src/stm32f1xx_hal_msp.o
 .ARM.attributes
                0x00000000000001b2       0x2d ./Core/Src/stm32f1xx_it.o
 .ARM.attributes
                0x00000000000001df       0x2d ./Core/Src/sysmem.o
 .ARM.attributes
                0x000000000000020c       0x2d ./Core/Src/system_stm32f1xx.o
 .ARM.attributes
                0x0000000000000239       0x2d ./Core/Src/timer.o
 .ARM.attributes
                0x0000000000000266       0x2d ./Core/Src/traffic1.o
 .ARM.attributes
                0x0000000000000293       0x2d ./Core/Src/traffic2.o
 .ARM.attributes
                0x00000000000002c0       0x2d ./Core/Src/trafficPeds.o
 .ARM.attributes
                0x00000000000002ed       0x2d ./Core/Src/tuning_fsm.o
 .ARM.attributes
                0x000000000000031a       0x2d ./Core/Src/utils.o
 .ARM.attributes
                0x0000000000000347       0x21 ./Core/Startup/startup_stm32f103rbtx.o
 .ARM.attributes
                0x0000000000000368       0x2d ./Drivers/STM32F1xx_HAL_Driver/Src/stm32f1xx_hal.o
 .ARM.attributes
                0x0000000000000395       0x2d ./Drivers/STM32F1xx_HAL_Driver/Src/stm32f1xx_hal_cortex.o
 .ARM.attributes
                0x00000000000003c2       0x2d ./Drivers/STM32F1xx_HAL_Driver/Src/stm32f1xx_hal_dma.o
 .ARM.attributes
                0x00000000000003ef       0x2d ./Drivers/STM32F1xx_HAL_Driver/Src/stm32f1xx_hal_gpio.o
 .ARM.attributes
                0x000000000000041c       0x2d ./Drivers/STM32F1xx_HAL_Driver/Src/stm32f1xx_hal_rcc.o
 .ARM.attributes
                0x0000000000000449       0x2d ./Drivers/STM32F1xx_HAL_Driver/Src/stm32f1xx_hal_tim.o
 .ARM.attributes
                0x0000000000000476       0x2d ./Drivers/STM32F1xx_HAL_Driver/Src/stm32f1xx_hal_tim_ex.o
 .ARM.attributes
                0x00000000000004a3       0x2d ./Drivers/STM32F1xx_HAL_Driver/Src/stm32f1xx_hal_uart.o
 .ARM.attributes
                0x00000000000004d0       0x2d c:/st/stm32cubeide_1.7.0/stm32cubeide/plugins/com.st.stm32cube.ide.mcu.externaltools.gnu-tools-for-stm32.10.3-2021.10.win32_1.0.0.202111181127/tools/bin/../lib/gcc/arm-none-eabi/10.3.1/../../../../arm-none-eabi/lib/thumb/v7-m/nofp\libc_nano.a(lib_a-errno.o)
 .ARM.attributes
                0x00000000000004fd       0x2d c:/st/stm32cubeide_1.7.0/stm32cubeide/plugins/com.st.stm32cube.ide.mcu.externaltools.gnu-tools-for-stm32.10.3-2021.10.win32_1.0.0.202111181127/tools/bin/../lib/gcc/arm-none-eabi/10.3.1/../../../../arm-none-eabi/lib/thumb/v7-m/nofp\libc_nano.a(lib_a-impure.o)
 .ARM.attributes
                0x000000000000052a       0x2d c:/st/stm32cubeide_1.7.0/stm32cubeide/plugins/com.st.stm32cube.ide.mcu.externaltools.gnu-tools-for-stm32.10.3-2021.10.win32_1.0.0.202111181127/tools/bin/../lib/gcc/arm-none-eabi/10.3.1/../../../../arm-none-eabi/lib/thumb/v7-m/nofp\libc_nano.a(lib_a-init.o)
 .ARM.attributes
                0x0000000000000557       0x2d c:/st/stm32cubeide_1.7.0/stm32cubeide/plugins/com.st.stm32cube.ide.mcu.externaltools.gnu-tools-for-stm32.10.3-2021.10.win32_1.0.0.202111181127/tools/bin/../lib/gcc/arm-none-eabi/10.3.1/../../../../arm-none-eabi/lib/thumb/v7-m/nofp\libc_nano.a(lib_a-memset.o)
 .ARM.attributes
                0x0000000000000584       0x2d c:/st/stm32cubeide_1.7.0/stm32cubeide/plugins/com.st.stm32cube.ide.mcu.externaltools.gnu-tools-for-stm32.10.3-2021.10.win32_1.0.0.202111181127/tools/bin/../lib/gcc/arm-none-eabi/10.3.1/../../../../arm-none-eabi/lib/thumb/v7-m/nofp\libc_nano.a(lib_a-sprintf.o)
 .ARM.attributes
                0x00000000000005b1       0x2d c:/st/stm32cubeide_1.7.0/stm32cubeide/plugins/com.st.stm32cube.ide.mcu.externaltools.gnu-tools-for-stm32.10.3-2021.10.win32_1.0.0.202111181127/tools/bin/../lib/gcc/arm-none-eabi/10.3.1/../../../../arm-none-eabi/lib/thumb/v7-m/nofp\libc_nano.a(lib_a-nano-svfprintf.o)
 .ARM.attributes
                0x00000000000005de       0x2d c:/st/stm32cubeide_1.7.0/stm32cubeide/plugins/com.st.stm32cube.ide.mcu.externaltools.gnu-tools-for-stm32.10.3-2021.10.win32_1.0.0.202111181127/tools/bin/../lib/gcc/arm-none-eabi/10.3.1/../../../../arm-none-eabi/lib/thumb/v7-m/nofp\libc_nano.a(lib_a-nano-vfprintf_i.o)
 .ARM.attributes
                0x000000000000060b       0x2d c:/st/stm32cubeide_1.7.0/stm32cubeide/plugins/com.st.stm32cube.ide.mcu.externaltools.gnu-tools-for-stm32.10.3-2021.10.win32_1.0.0.202111181127/tools/bin/../lib/gcc/arm-none-eabi/10.3.1/../../../../arm-none-eabi/lib/thumb/v7-m/nofp\libc_nano.a(lib_a-memchr-stub.o)
 .ARM.attributes
                0x0000000000000638       0x2d c:/st/stm32cubeide_1.7.0/stm32cubeide/plugins/com.st.stm32cube.ide.mcu.externaltools.gnu-tools-for-stm32.10.3-2021.10.win32_1.0.0.202111181127/tools/bin/../lib/gcc/arm-none-eabi/10.3.1/../../../../arm-none-eabi/lib/thumb/v7-m/nofp\libc_nano.a(lib_a-memcpy-stub.o)
 .ARM.attributes
                0x0000000000000665       0x2d c:/st/stm32cubeide_1.7.0/stm32cubeide/plugins/com.st.stm32cube.ide.mcu.externaltools.gnu-tools-for-stm32.10.3-2021.10.win32_1.0.0.202111181127/tools/bin/../lib/gcc/arm-none-eabi/10.3.1/../../../../arm-none-eabi/lib/thumb/v7-m/nofp\libc_nano.a(lib_a-memmove.o)
 .ARM.attributes
                0x0000000000000692       0x2d c:/st/stm32cubeide_1.7.0/stm32cubeide/plugins/com.st.stm32cube.ide.mcu.externaltools.gnu-tools-for-stm32.10.3-2021.10.win32_1.0.0.202111181127/tools/bin/../lib/gcc/arm-none-eabi/10.3.1/../../../../arm-none-eabi/lib/thumb/v7-m/nofp\libc_nano.a(lib_a-nano-freer.o)
 .ARM.attributes
                0x00000000000006bf       0x2d c:/st/stm32cubeide_1.7.0/stm32cubeide/plugins/com.st.stm32cube.ide.mcu.externaltools.gnu-tools-for-stm32.10.3-2021.10.win32_1.0.0.202111181127/tools/bin/../lib/gcc/arm-none-eabi/10.3.1/../../../../arm-none-eabi/lib/thumb/v7-m/nofp\libc_nano.a(lib_a-nano-mallocr.o)
 .ARM.attributes
                0x00000000000006ec       0x2d c:/st/stm32cubeide_1.7.0/stm32cubeide/plugins/com.st.stm32cube.ide.mcu.externaltools.gnu-tools-for-stm32.10.3-2021.10.win32_1.0.0.202111181127/tools/bin/../lib/gcc/arm-none-eabi/10.3.1/../../../../arm-none-eabi/lib/thumb/v7-m/nofp\libc_nano.a(lib_a-nano-reallocr.o)
 .ARM.attributes
                0x0000000000000719       0x2d c:/st/stm32cubeide_1.7.0/stm32cubeide/plugins/com.st.stm32cube.ide.mcu.externaltools.gnu-tools-for-stm32.10.3-2021.10.win32_1.0.0.202111181127/tools/bin/../lib/gcc/arm-none-eabi/10.3.1/../../../../arm-none-eabi/lib/thumb/v7-m/nofp\libc_nano.a(lib_a-sbrkr.o)
 .ARM.attributes
                0x0000000000000746       0x2d c:/st/stm32cubeide_1.7.0/stm32cubeide/plugins/com.st.stm32cube.ide.mcu.externaltools.gnu-tools-for-stm32.10.3-2021.10.win32_1.0.0.202111181127/tools/bin/../lib/gcc/arm-none-eabi/10.3.1/../../../../arm-none-eabi/lib/thumb/v7-m/nofp\libc_nano.a(lib_a-mlock.o)
 .ARM.attributes
                0x0000000000000773       0x2d c:/st/stm32cubeide_1.7.0/stm32cubeide/plugins/com.st.stm32cube.ide.mcu.externaltools.gnu-tools-for-stm32.10.3-2021.10.win32_1.0.0.202111181127/tools/bin/../lib/gcc/arm-none-eabi/10.3.1/../../../../arm-none-eabi/lib/thumb/v7-m/nofp\libc_nano.a(lib_a-nano-msizer.o)
 .ARM.attributes
                0x00000000000007a0       0x2d c:/st/stm32cubeide_1.7.0/stm32cubeide/plugins/com.st.stm32cube.ide.mcu.externaltools.gnu-tools-for-stm32.10.3-2021.10.win32_1.0.0.202111181127/tools/bin/../lib/gcc/arm-none-eabi/10.3.1/../../../../arm-none-eabi/lib/thumb/v7-m/nofp\libc_nano.a(lib_a-reent.o)
 .ARM.attributes
                0x00000000000007cd       0x2d c:/st/stm32cubeide_1.7.0/stm32cubeide/plugins/com.st.stm32cube.ide.mcu.externaltools.gnu-tools-for-stm32.10.3-2021.10.win32_1.0.0.202111181127/tools/bin/../lib/gcc/arm-none-eabi/10.3.1/../../../../arm-none-eabi/lib/thumb/v7-m/nofp\libc_nano.a(lib_a-lock.o)
 .ARM.attributes
                0x00000000000007fa       0x1d c:/st/stm32cubeide_1.7.0/stm32cubeide/plugins/com.st.stm32cube.ide.mcu.externaltools.gnu-tools-for-stm32.10.3-2021.10.win32_1.0.0.202111181127/tools/bin/../lib/gcc/arm-none-eabi/10.3.1/thumb/v7-m/nofp\libgcc.a(_arm_addsubdf3.o)
 .ARM.attributes
                0x0000000000000817       0x1d c:/st/stm32cubeide_1.7.0/stm32cubeide/plugins/com.st.stm32cube.ide.mcu.externaltools.gnu-tools-for-stm32.10.3-2021.10.win32_1.0.0.202111181127/tools/bin/../lib/gcc/arm-none-eabi/10.3.1/thumb/v7-m/nofp\libgcc.a(_arm_muldivdf3.o)
 .ARM.attributes
                0x0000000000000834       0x1d c:/st/stm32cubeide_1.7.0/stm32cubeide/plugins/com.st.stm32cube.ide.mcu.externaltools.gnu-tools-for-stm32.10.3-2021.10.win32_1.0.0.202111181127/tools/bin/../lib/gcc/arm-none-eabi/10.3.1/thumb/v7-m/nofp\libgcc.a(_arm_fixdfsi.o)
 .ARM.attributes
                0x0000000000000851       0x1d c:/st/stm32cubeide_1.7.0/stm32cubeide/plugins/com.st.stm32cube.ide.mcu.externaltools.gnu-tools-for-stm32.10.3-2021.10.win32_1.0.0.202111181127/tools/bin/../lib/gcc/arm-none-eabi/10.3.1/thumb/v7-m/nofp/crtn.o
OUTPUT(MCU_Project.elf elf32-littlearm)
LOAD linker stubs
LOAD c:/st/stm32cubeide_1.7.0/stm32cubeide/plugins/com.st.stm32cube.ide.mcu.externaltools.gnu-tools-for-stm32.10.3-2021.10.win32_1.0.0.202111181127/tools/bin/../lib/gcc/arm-none-eabi/10.3.1/../../../../arm-none-eabi/lib/thumb/v7-m/nofp\libc.a
LOAD c:/st/stm32cubeide_1.7.0/stm32cubeide/plugins/com.st.stm32cube.ide.mcu.externaltools.gnu-tools-for-stm32.10.3-2021.10.win32_1.0.0.202111181127/tools/bin/../lib/gcc/arm-none-eabi/10.3.1/../../../../arm-none-eabi/lib/thumb/v7-m/nofp\libm.a
LOAD c:/st/stm32cubeide_1.7.0/stm32cubeide/plugins/com.st.stm32cube.ide.mcu.externaltools.gnu-tools-for-stm32.10.3-2021.10.win32_1.0.0.202111181127/tools/bin/../lib/gcc/arm-none-eabi/10.3.1/thumb/v7-m/nofp\libgcc.a

.debug_info     0x0000000000000000    0x11ebd
 .debug_info    0x0000000000000000      0x9d3 ./Core/Src/automatic_fsm.o
 .debug_info    0x00000000000009d3      0xa77 ./Core/Src/button.o
 .debug_info    0x000000000000144a      0x96d ./Core/Src/configTraffic.o
 .debug_info    0x0000000000001db7      0x9c8 ./Core/Src/global.o
 .debug_info    0x000000000000277f      0xff0 ./Core/Src/main.o
 .debug_info    0x000000000000376f      0x989 ./Core/Src/manual_fsm.o
 .debug_info    0x00000000000040f8      0x933 ./Core/Src/pedestrian_fsm.o
 .debug_info    0x0000000000004a2b      0xe2a ./Core/Src/stm32f1xx_hal_msp.o
 .debug_info    0x0000000000005855      0x9ae ./Core/Src/stm32f1xx_it.o
 .debug_info    0x0000000000006203      0x171 ./Core/Src/sysmem.o
 .debug_info    0x0000000000006374      0x23d ./Core/Src/system_stm32f1xx.o
 .debug_info    0x00000000000065b1      0x95f ./Core/Src/timer.o
 .debug_info    0x0000000000006f10      0xa05 ./Core/Src/traffic1.o
 .debug_info    0x0000000000007915      0xa05 ./Core/Src/traffic2.o
 .debug_info    0x000000000000831a      0xa9a ./Core/Src/trafficPeds.o
 .debug_info    0x0000000000008db4      0xa33 ./Core/Src/tuning_fsm.o
 .debug_info    0x00000000000097e7      0x9e3 ./Core/Src/utils.o
 .debug_info    0x000000000000a1ca       0x22 ./Core/Startup/startup_stm32f103rbtx.o
 .debug_info    0x000000000000a1ec      0x734 ./Drivers/STM32F1xx_HAL_Driver/Src/stm32f1xx_hal.o
 .debug_info    0x000000000000a920      0xb20 ./Drivers/STM32F1xx_HAL_Driver/Src/stm32f1xx_hal_cortex.o
 .debug_info    0x000000000000b440      0x73f ./Drivers/STM32F1xx_HAL_Driver/Src/stm32f1xx_hal_dma.o
 .debug_info    0x000000000000bb7f      0x615 ./Drivers/STM32F1xx_HAL_Driver/Src/stm32f1xx_hal_gpio.o
 .debug_info    0x000000000000c194      0x860 ./Drivers/STM32F1xx_HAL_Driver/Src/stm32f1xx_hal_rcc.o
 .debug_info    0x000000000000c9f4     0x29de ./Drivers/STM32F1xx_HAL_Driver/Src/stm32f1xx_hal_tim.o
 .debug_info    0x000000000000f3d2     0x1513 ./Drivers/STM32F1xx_HAL_Driver/Src/stm32f1xx_hal_tim_ex.o
 .debug_info    0x00000000000108e5     0x15d8 ./Drivers/STM32F1xx_HAL_Driver/Src/stm32f1xx_hal_uart.o

.debug_abbrev   0x0000000000000000     0x2d82
 .debug_abbrev  0x0000000000000000      0x197 ./Core/Src/automatic_fsm.o
 .debug_abbrev  0x0000000000000197      0x1cd ./Core/Src/button.o
 .debug_abbrev  0x0000000000000364      0x153 ./Core/Src/configTraffic.o
 .debug_abbrev  0x00000000000004b7      0x16f ./Core/Src/global.o
 .debug_abbrev  0x0000000000000626      0x2f4 ./Core/Src/main.o
 .debug_abbrev  0x000000000000091a      0x197 ./Core/Src/manual_fsm.o
 .debug_abbrev  0x0000000000000ab1      0x182 ./Core/Src/pedestrian_fsm.o
 .debug_abbrev  0x0000000000000c33      0x1d8 ./Core/Src/stm32f1xx_hal_msp.o
 .debug_abbrev  0x0000000000000e0b      0x184 ./Core/Src/stm32f1xx_it.o
 .debug_abbrev  0x0000000000000f8f       0xbb ./Core/Src/sysmem.o
 .debug_abbrev  0x000000000000104a      0x13b ./Core/Src/system_stm32f1xx.o
 .debug_abbrev  0x0000000000001185      0x1ab ./Core/Src/timer.o
 .debug_abbrev  0x0000000000001330      0x155 ./Core/Src/traffic1.o
 .debug_abbrev  0x0000000000001485      0x155 ./Core/Src/traffic2.o
 .debug_abbrev  0x00000000000015da      0x1e5 ./Core/Src/trafficPeds.o
 .debug_abbrev  0x00000000000017bf      0x197 ./Core/Src/tuning_fsm.o
 .debug_abbrev  0x0000000000001956      0x197 ./Core/Src/utils.o
 .debug_abbrev  0x0000000000001aed       0x12 ./Core/Startup/startup_stm32f103rbtx.o
 .debug_abbrev  0x0000000000001aff      0x1fb ./Drivers/STM32F1xx_HAL_Driver/Src/stm32f1xx_hal.o
 .debug_abbrev  0x0000000000001cfa      0x2ed ./Drivers/STM32F1xx_HAL_Driver/Src/stm32f1xx_hal_cortex.o
 .debug_abbrev  0x0000000000001fe7      0x1fe ./Drivers/STM32F1xx_HAL_Driver/Src/stm32f1xx_hal_dma.o
 .debug_abbrev  0x00000000000021e5      0x1bb ./Drivers/STM32F1xx_HAL_Driver/Src/stm32f1xx_hal_gpio.o
 .debug_abbrev  0x00000000000023a0      0x2a8 ./Drivers/STM32F1xx_HAL_Driver/Src/stm32f1xx_hal_rcc.o
 .debug_abbrev  0x0000000000002648      0x25d ./Drivers/STM32F1xx_HAL_Driver/Src/stm32f1xx_hal_tim.o
 .debug_abbrev  0x00000000000028a5      0x265 ./Drivers/STM32F1xx_HAL_Driver/Src/stm32f1xx_hal_tim_ex.o
 .debug_abbrev  0x0000000000002b0a      0x278 ./Drivers/STM32F1xx_HAL_Driver/Src/stm32f1xx_hal_uart.o

.debug_aranges  0x0000000000000000      0xe50
 .debug_aranges
                0x0000000000000000       0x20 ./Core/Src/automatic_fsm.o
 .debug_aranges
                0x0000000000000020       0x30 ./Core/Src/button.o
 .debug_aranges
                0x0000000000000050       0x48 ./Core/Src/configTraffic.o
 .debug_aranges
                0x0000000000000098       0x18 ./Core/Src/global.o
 .debug_aranges
                0x00000000000000b0       0x58 ./Core/Src/main.o
 .debug_aranges
                0x0000000000000108       0x20 ./Core/Src/manual_fsm.o
 .debug_aranges
                0x0000000000000128       0x20 ./Core/Src/pedestrian_fsm.o
 .debug_aranges
                0x0000000000000148       0x48 ./Core/Src/stm32f1xx_hal_msp.o
 .debug_aranges
                0x0000000000000190       0x70 ./Core/Src/stm32f1xx_it.o
 .debug_aranges
                0x0000000000000200       0x20 ./Core/Src/sysmem.o
 .debug_aranges
                0x0000000000000220       0x28 ./Core/Src/system_stm32f1xx.o
 .debug_aranges
                0x0000000000000248       0x30 ./Core/Src/timer.o
 .debug_aranges
                0x0000000000000278       0x50 ./Core/Src/traffic1.o
 .debug_aranges
                0x00000000000002c8       0x50 ./Core/Src/traffic2.o
 .debug_aranges
                0x0000000000000318       0x40 ./Core/Src/trafficPeds.o
 .debug_aranges
                0x0000000000000358       0x20 ./Core/Src/tuning_fsm.o
 .debug_aranges
                0x0000000000000378       0x30 ./Core/Src/utils.o
 .debug_aranges
                0x00000000000003a8       0x28 ./Core/Startup/startup_stm32f103rbtx.o
 .debug_aranges
                0x00000000000003d0       0xe0 ./Drivers/STM32F1xx_HAL_Driver/Src/stm32f1xx_hal.o
 .debug_aranges
                0x00000000000004b0      0x100 ./Drivers/STM32F1xx_HAL_Driver/Src/stm32f1xx_hal_cortex.o
 .debug_aranges
                0x00000000000005b0       0x80 ./Drivers/STM32F1xx_HAL_Driver/Src/stm32f1xx_hal_dma.o
 .debug_aranges
                0x0000000000000630       0x58 ./Drivers/STM32F1xx_HAL_Driver/Src/stm32f1xx_hal_gpio.o
 .debug_aranges
                0x0000000000000688       0x90 ./Drivers/STM32F1xx_HAL_Driver/Src/stm32f1xx_hal_rcc.o
 .debug_aranges
                0x0000000000000718      0x3d0 ./Drivers/STM32F1xx_HAL_Driver/Src/stm32f1xx_hal_tim.o
 .debug_aranges
                0x0000000000000ae8      0x168 ./Drivers/STM32F1xx_HAL_Driver/Src/stm32f1xx_hal_tim_ex.o
 .debug_aranges
                0x0000000000000c50      0x200 ./Drivers/STM32F1xx_HAL_Driver/Src/stm32f1xx_hal_uart.o

.debug_ranges   0x0000000000000000      0xce0
 .debug_ranges  0x0000000000000000       0x10 ./Core/Src/automatic_fsm.o
 .debug_ranges  0x0000000000000010       0x20 ./Core/Src/button.o
 .debug_ranges  0x0000000000000030       0x38 ./Core/Src/configTraffic.o
 .debug_ranges  0x0000000000000068       0x48 ./Core/Src/main.o
 .debug_ranges  0x00000000000000b0       0x10 ./Core/Src/manual_fsm.o
 .debug_ranges  0x00000000000000c0       0x10 ./Core/Src/pedestrian_fsm.o
 .debug_ranges  0x00000000000000d0       0x38 ./Core/Src/stm32f1xx_hal_msp.o
 .debug_ranges  0x0000000000000108       0x60 ./Core/Src/stm32f1xx_it.o
 .debug_ranges  0x0000000000000168       0x10 ./Core/Src/sysmem.o
 .debug_ranges  0x0000000000000178       0x18 ./Core/Src/system_stm32f1xx.o
 .debug_ranges  0x0000000000000190       0x20 ./Core/Src/timer.o
 .debug_ranges  0x00000000000001b0       0x40 ./Core/Src/traffic1.o
 .debug_ranges  0x00000000000001f0       0x40 ./Core/Src/traffic2.o
 .debug_ranges  0x0000000000000230       0x30 ./Core/Src/trafficPeds.o
 .debug_ranges  0x0000000000000260       0x10 ./Core/Src/tuning_fsm.o
 .debug_ranges  0x0000000000000270       0x20 ./Core/Src/utils.o
 .debug_ranges  0x0000000000000290       0x20 ./Core/Startup/startup_stm32f103rbtx.o
 .debug_ranges  0x00000000000002b0       0xd0 ./Drivers/STM32F1xx_HAL_Driver/Src/stm32f1xx_hal.o
 .debug_ranges  0x0000000000000380       0xf0 ./Drivers/STM32F1xx_HAL_Driver/Src/stm32f1xx_hal_cortex.o
 .debug_ranges  0x0000000000000470       0x70 ./Drivers/STM32F1xx_HAL_Driver/Src/stm32f1xx_hal_dma.o
 .debug_ranges  0x00000000000004e0       0x48 ./Drivers/STM32F1xx_HAL_Driver/Src/stm32f1xx_hal_gpio.o
 .debug_ranges  0x0000000000000528       0x80 ./Drivers/STM32F1xx_HAL_Driver/Src/stm32f1xx_hal_rcc.o
 .debug_ranges  0x00000000000005a8      0x3c0 ./Drivers/STM32F1xx_HAL_Driver/Src/stm32f1xx_hal_tim.o
 .debug_ranges  0x0000000000000968      0x158 ./Drivers/STM32F1xx_HAL_Driver/Src/stm32f1xx_hal_tim_ex.o
 .debug_ranges  0x0000000000000ac0      0x220 ./Drivers/STM32F1xx_HAL_Driver/Src/stm32f1xx_hal_uart.o

.debug_macro    0x0000000000000000    0x1a872
 .debug_macro   0x0000000000000000      0x379 ./Core/Src/automatic_fsm.o
 .debug_macro   0x0000000000000379      0xa6c ./Core/Src/automatic_fsm.o
 .debug_macro   0x0000000000000de5      0x21b ./Core/Src/automatic_fsm.o
 .debug_macro   0x0000000000001000       0x2e ./Core/Src/automatic_fsm.o
 .debug_macro   0x000000000000102e       0x22 ./Core/Src/automatic_fsm.o
 .debug_macro   0x0000000000001050       0x22 ./Core/Src/automatic_fsm.o
 .debug_macro   0x0000000000001072       0x8e ./Core/Src/automatic_fsm.o
 .debug_macro   0x0000000000001100       0x51 ./Core/Src/automatic_fsm.o
 .debug_macro   0x0000000000001151      0x103 ./Core/Src/automatic_fsm.o
 .debug_macro   0x0000000000001254       0x6a ./Core/Src/automatic_fsm.o
 .debug_macro   0x00000000000012be      0x1df ./Core/Src/automatic_fsm.o
 .debug_macro   0x000000000000149d       0x1c ./Core/Src/automatic_fsm.o
 .debug_macro   0x00000000000014b9       0x22 ./Core/Src/automatic_fsm.o
 .debug_macro   0x00000000000014db       0xbd ./Core/Src/automatic_fsm.o
 .debug_macro   0x0000000000001598      0xd23 ./Core/Src/automatic_fsm.o
 .debug_macro   0x00000000000022bb     0xe09e ./Core/Src/automatic_fsm.o
 .debug_macro   0x0000000000010359       0x6d ./Core/Src/automatic_fsm.o
 .debug_macro   0x00000000000103c6     0x3468 ./Core/Src/automatic_fsm.o
 .debug_macro   0x000000000001382e      0x174 ./Core/Src/automatic_fsm.o
 .debug_macro   0x00000000000139a2       0x5c ./Core/Src/automatic_fsm.o
 .debug_macro   0x00000000000139fe      0x5be ./Core/Src/automatic_fsm.o
 .debug_macro   0x0000000000013fbc      0x289 ./Core/Src/automatic_fsm.o
 .debug_macro   0x0000000000014245      0x1cb ./Core/Src/automatic_fsm.o
 .debug_macro   0x0000000000014410      0x114 ./Core/Src/automatic_fsm.o
 .debug_macro   0x0000000000014524      0x1b2 ./Core/Src/automatic_fsm.o
 .debug_macro   0x00000000000146d6       0x27 ./Core/Src/automatic_fsm.o
 .debug_macro   0x00000000000146fd      0x136 ./Core/Src/automatic_fsm.o
 .debug_macro   0x0000000000014833      0x1bc ./Core/Src/automatic_fsm.o
 .debug_macro   0x00000000000149ef       0x34 ./Core/Src/automatic_fsm.o
 .debug_macro   0x0000000000014a23       0x3c ./Core/Src/automatic_fsm.o
 .debug_macro   0x0000000000014a5f       0x57 ./Core/Src/automatic_fsm.o
 .debug_macro   0x0000000000014ab6       0x88 ./Core/Src/automatic_fsm.o
 .debug_macro   0x0000000000014b3e      0x241 ./Core/Src/automatic_fsm.o
 .debug_macro   0x0000000000014d7f      0x141 ./Core/Src/automatic_fsm.o
 .debug_macro   0x0000000000014ec0      0x8d1 ./Core/Src/automatic_fsm.o
 .debug_macro   0x0000000000015791      0x279 ./Core/Src/automatic_fsm.o
 .debug_macro   0x0000000000015a0a       0x83 ./Core/Src/automatic_fsm.o
 .debug_macro   0x0000000000015a8d       0x52 ./Core/Src/automatic_fsm.o
 .debug_macro   0x0000000000015adf       0x18 ./Core/Src/automatic_fsm.o
 .debug_macro   0x0000000000015af7       0x3c ./Core/Src/automatic_fsm.o
 .debug_macro   0x0000000000015b33       0x34 ./Core/Src/automatic_fsm.o
 .debug_macro   0x0000000000015b67       0x16 ./Core/Src/automatic_fsm.o
 .debug_macro   0x0000000000015b7d       0x35 ./Core/Src/automatic_fsm.o
 .debug_macro   0x0000000000015bb2      0x341 ./Core/Src/automatic_fsm.o
 .debug_macro   0x0000000000015ef3       0x10 ./Core/Src/automatic_fsm.o
 .debug_macro   0x0000000000015f03       0x16 ./Core/Src/automatic_fsm.o
 .debug_macro   0x0000000000015f19       0x43 ./Core/Src/automatic_fsm.o
 .debug_macro   0x0000000000015f5c       0x34 ./Core/Src/automatic_fsm.o
 .debug_macro   0x0000000000015f90       0x10 ./Core/Src/automatic_fsm.o
 .debug_macro   0x0000000000015fa0       0x58 ./Core/Src/automatic_fsm.o
 .debug_macro   0x0000000000015ff8       0x71 ./Core/Src/automatic_fsm.o
 .debug_macro   0x0000000000016069       0x1c ./Core/Src/automatic_fsm.o
 .debug_macro   0x0000000000016085      0x12a ./Core/Src/automatic_fsm.o
 .debug_macro   0x00000000000161af       0x10 ./Core/Src/automatic_fsm.o
 .debug_macro   0x00000000000161bf       0x1c ./Core/Src/automatic_fsm.o
 .debug_macro   0x00000000000161db       0x52 ./Core/Src/automatic_fsm.o
 .debug_macro   0x000000000001622d       0x22 ./Core/Src/automatic_fsm.o
 .debug_macro   0x000000000001624f       0x10 ./Core/Src/automatic_fsm.o
 .debug_macro   0x000000000001625f       0x52 ./Core/Src/automatic_fsm.o
 .debug_macro   0x00000000000162b1       0xd5 ./Core/Src/automatic_fsm.o
 .debug_macro   0x0000000000016386       0x1c ./Core/Src/automatic_fsm.o
 .debug_macro   0x00000000000163a2       0x3d ./Core/Src/automatic_fsm.o
 .debug_macro   0x00000000000163df       0x16 ./Core/Src/automatic_fsm.o
 .debug_macro   0x00000000000163f5      0x145 ./Core/Src/automatic_fsm.o
 .debug_macro   0x000000000001653a       0x88 ./Core/Src/automatic_fsm.o
 .debug_macro   0x00000000000165c2       0x3a ./Core/Src/automatic_fsm.o
 .debug_macro   0x00000000000165fc       0x70 ./Core/Src/automatic_fsm.o
 .debug_macro   0x000000000001666c      0x379 ./Core/Src/button.o
 .debug_macro   0x00000000000169e5       0x34 ./Core/Src/button.o
 .debug_macro   0x0000000000016a19      0x373 ./Core/Src/configTraffic.o
 .debug_macro   0x0000000000016d8c      0x36f ./Core/Src/global.o
 .debug_macro   0x00000000000170fb      0x3a9 ./Core/Src/main.o
 .debug_macro   0x00000000000174a4      0x379 ./Core/Src/manual_fsm.o
 .debug_macro   0x000000000001781d      0x379 ./Core/Src/pedestrian_fsm.o
 .debug_macro   0x0000000000017b96      0x311 ./Core/Src/stm32f1xx_hal_msp.o
 .debug_macro   0x0000000000017ea7      0x31b ./Core/Src/stm32f1xx_it.o
 .debug_macro   0x00000000000181c2       0xff ./Core/Src/sysmem.o
 .debug_macro   0x00000000000182c1      0x23b ./Core/Src/sysmem.o
 .debug_macro   0x00000000000184fc      0x1a3 ./Core/Src/system_stm32f1xx.o
 .debug_macro   0x000000000001869f      0x37d ./Core/Src/timer.o
 .debug_macro   0x0000000000018a1c      0x31b ./Core/Src/traffic1.o
 .debug_macro   0x0000000000018d37      0x31b ./Core/Src/traffic2.o
 .debug_macro   0x0000000000019052      0x379 ./Core/Src/trafficPeds.o
 .debug_macro   0x00000000000193cb      0x379 ./Core/Src/tuning_fsm.o
 .debug_macro   0x0000000000019744      0x373 ./Core/Src/utils.o
 .debug_macro   0x0000000000019ab7      0x1c7 ./Drivers/STM32F1xx_HAL_Driver/Src/stm32f1xx_hal.o
 .debug_macro   0x0000000000019c7e      0x1a3 ./Drivers/STM32F1xx_HAL_Driver/Src/stm32f1xx_hal_cortex.o
 .debug_macro   0x0000000000019e21      0x1a3 ./Drivers/STM32F1xx_HAL_Driver/Src/stm32f1xx_hal_dma.o
 .debug_macro   0x0000000000019fc4      0x20e ./Drivers/STM32F1xx_HAL_Driver/Src/stm32f1xx_hal_gpio.o
 .debug_macro   0x000000000001a1d2      0x1b5 ./Drivers/STM32F1xx_HAL_Driver/Src/stm32f1xx_hal_rcc.o
 .debug_macro   0x000000000001a387      0x1a4 ./Drivers/STM32F1xx_HAL_Driver/Src/stm32f1xx_hal_tim.o
 .debug_macro   0x000000000001a52b      0x1a3 ./Drivers/STM32F1xx_HAL_Driver/Src/stm32f1xx_hal_tim_ex.o
 .debug_macro   0x000000000001a6ce      0x1a4 ./Drivers/STM32F1xx_HAL_Driver/Src/stm32f1xx_hal_uart.o

.debug_line     0x0000000000000000    0x137b9
 .debug_line    0x0000000000000000      0x99c ./Core/Src/automatic_fsm.o
 .debug_line    0x000000000000099c      0xa45 ./Core/Src/button.o
 .debug_line    0x00000000000013e1      0x962 ./Core/Src/configTraffic.o
 .debug_line    0x0000000000001d43      0x895 ./Core/Src/global.o
 .debug_line    0x00000000000025d8      0xaeb ./Core/Src/main.o
 .debug_line    0x00000000000030c3      0x97b ./Core/Src/manual_fsm.o
 .debug_line    0x0000000000003a3e      0x9cd ./Core/Src/pedestrian_fsm.o
 .debug_line    0x000000000000440b      0x928 ./Core/Src/stm32f1xx_hal_msp.o
 .debug_line    0x0000000000004d33      0x93d ./Core/Src/stm32f1xx_it.o
 .debug_line    0x0000000000005670      0x4e5 ./Core/Src/sysmem.o
 .debug_line    0x0000000000005b55      0x6ec ./Core/Src/system_stm32f1xx.o
 .debug_line    0x0000000000006241      0x90e ./Core/Src/timer.o
 .debug_line    0x0000000000006b4f      0x8dd ./Core/Src/traffic1.o
 .debug_line    0x000000000000742c      0x8dd ./Core/Src/traffic2.o
 .debug_line    0x0000000000007d09      0x91e ./Core/Src/trafficPeds.o
 .debug_line    0x0000000000008627      0xa89 ./Core/Src/tuning_fsm.o
 .debug_line    0x00000000000090b0      0x91c ./Core/Src/utils.o
 .debug_line    0x00000000000099cc       0x87 ./Core/Startup/startup_stm32f103rbtx.o
 .debug_line    0x0000000000009a53      0x919 ./Drivers/STM32F1xx_HAL_Driver/Src/stm32f1xx_hal.o
 .debug_line    0x000000000000a36c      0xb01 ./Drivers/STM32F1xx_HAL_Driver/Src/stm32f1xx_hal_cortex.o
 .debug_line    0x000000000000ae6d      0xd71 ./Drivers/STM32F1xx_HAL_Driver/Src/stm32f1xx_hal_dma.o
 .debug_line    0x000000000000bbde      0x9b0 ./Drivers/STM32F1xx_HAL_Driver/Src/stm32f1xx_hal_gpio.o
 .debug_line    0x000000000000c58e      0xd27 ./Drivers/STM32F1xx_HAL_Driver/Src/stm32f1xx_hal_rcc.o
 .debug_line    0x000000000000d2b5     0x32cf ./Drivers/STM32F1xx_HAL_Driver/Src/stm32f1xx_hal_tim.o
 .debug_line    0x0000000000010584     0x1841 ./Drivers/STM32F1xx_HAL_Driver/Src/stm32f1xx_hal_tim_ex.o
 .debug_line    0x0000000000011dc5     0x19f4 ./Drivers/STM32F1xx_HAL_Driver/Src/stm32f1xx_hal_uart.o

.debug_str      0x0000000000000000    0x8aeea
 .debug_str     0x0000000000000000    0x877ae ./Core/Src/automatic_fsm.o
                                      0x87bba (size before relaxing)
 .debug_str     0x00000000000877ae      0x10b ./Core/Src/button.o
                                      0x87bb5 (size before relaxing)
 .debug_str     0x00000000000878b9       0x84 ./Core/Src/configTraffic.o
                                      0x87b68 (size before relaxing)
 .debug_str     0x000000000008793d       0x15 ./Core/Src/global.o
                                      0x87b27 (size before relaxing)
 .debug_str     0x0000000000087952      0x4e3 ./Core/Src/main.o
                                      0x8800f (size before relaxing)
 .debug_str     0x0000000000087e35       0x2c ./Core/Src/manual_fsm.o
                                      0x87b5c (size before relaxing)
 .debug_str     0x0000000000087e61       0x33 ./Core/Src/pedestrian_fsm.o
                                      0x87b38 (size before relaxing)
 .debug_str     0x0000000000087e94      0x374 ./Core/Src/stm32f1xx_hal_msp.o
                                      0x87cc8 (size before relaxing)
 .debug_str     0x0000000000088208      0x112 ./Core/Src/stm32f1xx_it.o
                                      0x87945 (size before relaxing)
 .debug_str     0x000000000008831a      0x4da ./Core/Src/sysmem.o
                                       0x5d5d (size before relaxing)
 .debug_str     0x00000000000887f4       0x7e ./Core/Src/system_stm32f1xx.o
                                      0x832c8 (size before relaxing)
 .debug_str     0x0000000000088872       0x51 ./Core/Src/timer.o
                                      0x87b0b (size before relaxing)
 .debug_str     0x00000000000888c3       0x60 ./Core/Src/traffic1.o
                                      0x8790e (size before relaxing)
 .debug_str     0x0000000000088923       0x4d ./Core/Src/traffic2.o
                                      0x8790e (size before relaxing)
 .debug_str     0x0000000000088970       0x3f ./Core/Src/trafficPeds.o
                                      0x87b9d (size before relaxing)
 .debug_str     0x00000000000889af       0x2c ./Core/Src/tuning_fsm.o
                                      0x87c3c (size before relaxing)
 .debug_str     0x00000000000889db       0x14 ./Core/Src/utils.o
                                      0x87bbd (size before relaxing)
 .debug_str     0x00000000000889ef       0x67 ./Core/Startup/startup_stm32f103rbtx.o
 .debug_str     0x0000000000088a56      0x38e ./Drivers/STM32F1xx_HAL_Driver/Src/stm32f1xx_hal.o
                                      0x839fb (size before relaxing)
 .debug_str     0x0000000000088de4      0x294 ./Drivers/STM32F1xx_HAL_Driver/Src/stm32f1xx_hal_cortex.o
                                      0x83947 (size before relaxing)
 .debug_str     0x0000000000089078      0x235 ./Drivers/STM32F1xx_HAL_Driver/Src/stm32f1xx_hal_dma.o
                                      0x83671 (size before relaxing)
 .debug_str     0x00000000000892ad      0x2bd ./Drivers/STM32F1xx_HAL_Driver/Src/stm32f1xx_hal_gpio.o
                                      0x8364e (size before relaxing)
 .debug_str     0x000000000008956a      0x229 ./Drivers/STM32F1xx_HAL_Driver/Src/stm32f1xx_hal_rcc.o
                                      0x836f7 (size before relaxing)
 .debug_str     0x0000000000089793      0xd0b ./Drivers/STM32F1xx_HAL_Driver/Src/stm32f1xx_hal_tim.o
                                      0x846e2 (size before relaxing)
 .debug_str     0x000000000008a49e      0x493 ./Drivers/STM32F1xx_HAL_Driver/Src/stm32f1xx_hal_tim_ex.o
                                      0x83efe (size before relaxing)
 .debug_str     0x000000000008a931      0x5b9 ./Drivers/STM32F1xx_HAL_Driver/Src/stm32f1xx_hal_uart.o
                                      0x83d02 (size before relaxing)

.comment        0x0000000000000000       0x50
 .comment       0x0000000000000000       0x50 ./Core/Src/automatic_fsm.o
                                         0x51 (size before relaxing)
 .comment       0x0000000000000050       0x51 ./Core/Src/button.o
 .comment       0x0000000000000050       0x51 ./Core/Src/configTraffic.o
 .comment       0x0000000000000050       0x51 ./Core/Src/global.o
 .comment       0x0000000000000050       0x51 ./Core/Src/main.o
 .comment       0x0000000000000050       0x51 ./Core/Src/manual_fsm.o
 .comment       0x0000000000000050       0x51 ./Core/Src/pedestrian_fsm.o
 .comment       0x0000000000000050       0x51 ./Core/Src/stm32f1xx_hal_msp.o
 .comment       0x0000000000000050       0x51 ./Core/Src/stm32f1xx_it.o
 .comment       0x0000000000000050       0x51 ./Core/Src/sysmem.o
 .comment       0x0000000000000050       0x51 ./Core/Src/system_stm32f1xx.o
 .comment       0x0000000000000050       0x51 ./Core/Src/timer.o
 .comment       0x0000000000000050       0x51 ./Core/Src/traffic1.o
 .comment       0x0000000000000050       0x51 ./Core/Src/traffic2.o
 .comment       0x0000000000000050       0x51 ./Core/Src/trafficPeds.o
 .comment       0x0000000000000050       0x51 ./Core/Src/tuning_fsm.o
 .comment       0x0000000000000050       0x51 ./Core/Src/utils.o
 .comment       0x0000000000000050       0x51 ./Drivers/STM32F1xx_HAL_Driver/Src/stm32f1xx_hal.o
 .comment       0x0000000000000050       0x51 ./Drivers/STM32F1xx_HAL_Driver/Src/stm32f1xx_hal_cortex.o
 .comment       0x0000000000000050       0x51 ./Drivers/STM32F1xx_HAL_Driver/Src/stm32f1xx_hal_dma.o
 .comment       0x0000000000000050       0x51 ./Drivers/STM32F1xx_HAL_Driver/Src/stm32f1xx_hal_gpio.o
 .comment       0x0000000000000050       0x51 ./Drivers/STM32F1xx_HAL_Driver/Src/stm32f1xx_hal_rcc.o
 .comment       0x0000000000000050       0x51 ./Drivers/STM32F1xx_HAL_Driver/Src/stm32f1xx_hal_tim.o
 .comment       0x0000000000000050       0x51 ./Drivers/STM32F1xx_HAL_Driver/Src/stm32f1xx_hal_tim_ex.o
 .comment       0x0000000000000050       0x51 ./Drivers/STM32F1xx_HAL_Driver/Src/stm32f1xx_hal_uart.o

.debug_frame    0x0000000000000000     0x3c78
 .debug_frame   0x0000000000000000       0x2c ./Core/Src/automatic_fsm.o
 .debug_frame   0x000000000000002c       0x84 ./Core/Src/button.o
 .debug_frame   0x00000000000000b0       0xd0 ./Core/Src/configTraffic.o
 .debug_frame   0x0000000000000180      0x114 ./Core/Src/main.o
 .debug_frame   0x0000000000000294       0x2c ./Core/Src/manual_fsm.o
 .debug_frame   0x00000000000002c0       0x30 ./Core/Src/pedestrian_fsm.o
 .debug_frame   0x00000000000002f0       0xec ./Core/Src/stm32f1xx_hal_msp.o
 .debug_frame   0x00000000000003dc      0x13c ./Core/Src/stm32f1xx_it.o
 .debug_frame   0x0000000000000518       0x34 ./Core/Src/sysmem.o
 .debug_frame   0x000000000000054c       0x58 ./Core/Src/system_stm32f1xx.o
 .debug_frame   0x00000000000005a4       0x80 ./Core/Src/timer.o
 .debug_frame   0x0000000000000624       0xd4 ./Core/Src/traffic1.o
 .debug_frame   0x00000000000006f8       0xd4 ./Core/Src/traffic2.o
 .debug_frame   0x00000000000007cc       0xa4 ./Core/Src/trafficPeds.o
 .debug_frame   0x0000000000000870       0x2c ./Core/Src/tuning_fsm.o
 .debug_frame   0x000000000000089c       0x64 ./Core/Src/utils.o
 .debug_frame   0x0000000000000900      0x334 ./Drivers/STM32F1xx_HAL_Driver/Src/stm32f1xx_hal.o
 .debug_frame   0x0000000000000c34      0x428 ./Drivers/STM32F1xx_HAL_Driver/Src/stm32f1xx_hal_cortex.o
 .debug_frame   0x000000000000105c      0x208 ./Drivers/STM32F1xx_HAL_Driver/Src/stm32f1xx_hal_dma.o
 .debug_frame   0x0000000000001264      0x14c ./Drivers/STM32F1xx_HAL_Driver/Src/stm32f1xx_hal_gpio.o
 .debug_frame   0x00000000000013b0      0x21c ./Drivers/STM32F1xx_HAL_Driver/Src/stm32f1xx_hal_rcc.o
 .debug_frame   0x00000000000015cc     0x11b8 ./Drivers/STM32F1xx_HAL_Driver/Src/stm32f1xx_hal_tim.o
 .debug_frame   0x0000000000002784      0x638 ./Drivers/STM32F1xx_HAL_Driver/Src/stm32f1xx_hal_tim_ex.o
 .debug_frame   0x0000000000002dbc      0x914 ./Drivers/STM32F1xx_HAL_Driver/Src/stm32f1xx_hal_uart.o
 .debug_frame   0x00000000000036d0       0x20 c:/st/stm32cubeide_1.7.0/stm32cubeide/plugins/com.st.stm32cube.ide.mcu.externaltools.gnu-tools-for-stm32.10.3-2021.10.win32_1.0.0.202111181127/tools/bin/../lib/gcc/arm-none-eabi/10.3.1/../../../../arm-none-eabi/lib/thumb/v7-m/nofp\libc_nano.a(lib_a-errno.o)
 .debug_frame   0x00000000000036f0       0x2c c:/st/stm32cubeide_1.7.0/stm32cubeide/plugins/com.st.stm32cube.ide.mcu.externaltools.gnu-tools-for-stm32.10.3-2021.10.win32_1.0.0.202111181127/tools/bin/../lib/gcc/arm-none-eabi/10.3.1/../../../../arm-none-eabi/lib/thumb/v7-m/nofp\libc_nano.a(lib_a-init.o)
 .debug_frame   0x000000000000371c       0x20 c:/st/stm32cubeide_1.7.0/stm32cubeide/plugins/com.st.stm32cube.ide.mcu.externaltools.gnu-tools-for-stm32.10.3-2021.10.win32_1.0.0.202111181127/tools/bin/../lib/gcc/arm-none-eabi/10.3.1/../../../../arm-none-eabi/lib/thumb/v7-m/nofp\libc_nano.a(lib_a-memset.o)
 .debug_frame   0x000000000000373c       0x6c c:/st/stm32cubeide_1.7.0/stm32cubeide/plugins/com.st.stm32cube.ide.mcu.externaltools.gnu-tools-for-stm32.10.3-2021.10.win32_1.0.0.202111181127/tools/bin/../lib/gcc/arm-none-eabi/10.3.1/../../../../arm-none-eabi/lib/thumb/v7-m/nofp\libc_nano.a(lib_a-sprintf.o)
 .debug_frame   0x00000000000037a8       0x90 c:/st/stm32cubeide_1.7.0/stm32cubeide/plugins/com.st.stm32cube.ide.mcu.externaltools.gnu-tools-for-stm32.10.3-2021.10.win32_1.0.0.202111181127/tools/bin/../lib/gcc/arm-none-eabi/10.3.1/../../../../arm-none-eabi/lib/thumb/v7-m/nofp\libc_nano.a(lib_a-nano-svfprintf.o)
 .debug_frame   0x0000000000003838       0x60 c:/st/stm32cubeide_1.7.0/stm32cubeide/plugins/com.st.stm32cube.ide.mcu.externaltools.gnu-tools-for-stm32.10.3-2021.10.win32_1.0.0.202111181127/tools/bin/../lib/gcc/arm-none-eabi/10.3.1/../../../../arm-none-eabi/lib/thumb/v7-m/nofp\libc_nano.a(lib_a-nano-vfprintf_i.o)
 .debug_frame   0x0000000000003898       0x28 c:/st/stm32cubeide_1.7.0/stm32cubeide/plugins/com.st.stm32cube.ide.mcu.externaltools.gnu-tools-for-stm32.10.3-2021.10.win32_1.0.0.202111181127/tools/bin/../lib/gcc/arm-none-eabi/10.3.1/../../../../arm-none-eabi/lib/thumb/v7-m/nofp\libc_nano.a(lib_a-memchr-stub.o)